<!DOCTYPE html><html xmlns="http://www.w3.org/1999/xhtml" class="no-js"><head><meta http-equiv="Content-Type" content="text/html; charset=utf-8"/><script>(function(H){H.className=H.className.replace(/\bno-js\b/,'js')})(document.documentElement)</script><title>Article wrapper</title><meta name="viewport" content="width=device-width, initial-scale=1.0"/><link href="https://purl.org/dc/elements/1.1/" rel="schema.dc"/><meta content="2011-04-22T17:02:00-06:00" name="dc.modified"/><meta content="DocBook xslTNG" name="generator"/><link href="./css/docbook.css" rel="stylesheet" media="screen"/><script src="./js/copy-verbatim.js" defer="defer"></script></head><body class="home"><nav class="top"></nav><main><article class="article component"><header><h1>Article wrapper</h1></header><p>An address:</p><div class="pre-wrap"><pre class="address verbatim"><span class="first-last personname">Santa Clause</span>
<span class="street">1 Main Street</span>
<span class="city">North Pole</span>, <span class="state">AK</span>
<span class="postcode">12345</span>
<span class="country">US</span></pre></div><p>Other address fields:</p><div class="pre-wrap"><pre class="address verbatim">Information:
<span class="phone">+1-914-555-1212</span>
<span class="fax">+1-213-555-1212</span>
<code class="email">no-one@example.com</code>
<code class="uri">http://www.example.com/</code></pre></div><p>With a PO Box:</p><div class="pre-wrap"><pre class="address verbatim"><span class="otheraddr whynotorgname">Some Company</span>
<span class="pob">P.O. Box 123</span>
<span class="city">Anytown</span>, <span class="state">XX</span>
<span class="postcode">12345</span></pre></div></article></main><nav class="bottom"></nav></body></html>