<!DOCTYPE html><html xmlns="http://www.w3.org/1999/xhtml" class="no-js"><head><meta http-equiv="Content-Type" content="text/html; charset=utf-8"/><script>(function(H){H.className=H.className.replace(/\bno-js\b/,'js')})(document.documentElement)</script><title>Unit test: audiodata.001</title><meta name="viewport" content="width=device-width, initial-scale=1.0"/><link href="https://purl.org/dc/elements/1.1/" rel="schema.dc"/><meta content="2011-04-22T17:02:00-06:00" name="dc.modified"/><meta content="DocBook xslTNG" name="generator"/><link href="./css/docbook.css" rel="stylesheet"/><link href="./css/docbook-screen.css" rel="stylesheet"/></head><body class="home"><nav class="top"></nav><main><article class="article"><header><h1>Unit test: audiodata.001</h1></header><p>A test for the <code class="tag tag-element">audioobject</code>.</p><div class="mediaobject"><div class="audioobject"><div class="media"><audio controls="controls" src="media/this_is_a_test.mp3"><span>The <code>audio</code> element is not supported.</span></audio></div></div></div></article></main><nav class="bottom"></nav></body></html>