<!DOCTYPE html><html xmlns="http://www.w3.org/1999/xhtml" class="no-js"><head><meta http-equiv="Content-Type" content="text/html; charset=utf-8"/><script>(function(H){H.className=H.className.replace(/\bno-js\b/,'js')})(document.documentElement)</script><title>Unit Test: bibliolist.005</title><meta name="viewport" content="width=device-width, initial-scale=1.0"/><link href="https://purl.org/dc/elements/1.1/" rel="schema.dc"/><meta content="2011-04-22T17:02:00-06:00" name="dc.modified"/><meta content="DocBook xslTNG" name="generator"/><link href="./css/docbook.css" rel="stylesheet" media="screen"/></head><body class="home"><nav class="top"></nav><main><article class="article component"><header><h1>Unit Test: bibliolist.005</h1></header><p>Tests for lists of names.</p><div class="bibliolist">
<p class="biblioentry"><cite class="title">A book with one author</cite>. <span class="author"><span class="first-last personname">Jane Smith</span></span>. </p>

<p class="biblioentry"><cite class="title">A book with a list of one author</cite>. <span class="authorgroup"><span class="author"><span class="first-last personname">Jane Smith</span></span></span>. </p>

<p class="biblioentry"><cite class="title">A book with two authors</cite>. <span class="authorgroup"><span class="author"><span class="first-last personname">Jane Smith</span></span> and <span class="author"><span class="first-last personname">John Smith</span></span></span>. </p>

<p class="biblioentry"><cite class="title">A book with three authors</cite>. <span class="authorgroup"><span class="author"><span class="first-last personname">Jane Smith</span></span>, <span class="author"><span class="first-last personname">John Smith</span></span>, and <span class="author"><span class="first-last personname">Sarah Smith</span></span></span>. </p>

<p class="biblioentry"><cite class="title">A book with four authors</cite>. <span class="authorgroup"><span class="author"><span class="first-last personname">Jane Smith</span></span>, <span class="author"><span class="first-last personname">John Smith</span></span>, <span class="author"><span class="first-last personname">Sarah Smith</span></span>, and <span class="author"><span class="first-last personname">John Doe</span></span></span>. </p>

<p class="biblioentry"><cite class="title">A book with five authors</cite>. <span class="authorgroup"><span class="author"><span class="first-last personname">Jane Smith</span></span>, <span class="author"><span class="first-last personname">John Smith</span></span>, <span class="author"><span class="first-last personname">Sarah Smith</span></span>, <span class="author"><span class="first-last personname">John Doe</span></span>, and <span class="author"><span class="first-last personname">John Bigboote</span></span></span>. </p>

</div></article></main><nav class="bottom"></nav></body></html>