<!DOCTYPE html><html xmlns="http://www.w3.org/1999/xhtml" class="no-js"><head><meta http-equiv="Content-Type" content="text/html; charset=utf-8"/><script>(function(H){H.className=H.className.replace(/\bno-js\b/,'js')})(document.documentElement)</script><title>Unit Test: book.003</title><meta name="viewport" content="width=device-width, initial-scale=1.0"/><link href="https://purl.org/dc/elements/1.1/" rel="schema.dc"/><meta content="2011-04-22T17:02:00-06:00" name="dc.modified"/><meta name="dc.created" content="18 January 2002"/><meta content="DocBook xslTNG" name="generator"/><link href="./css/docbook.css" rel="stylesheet" media="screen"/><script src="./js/copy-verbatim.js" defer="defer"></script></head><body class="home"><nav class="top"></nav><main><article id="book" class="book division"><header><h1>Unit Test: book.003</h1><div class="authorgroup"><div class="author"><h3><span class="orgname">SomeCorp</span></h3></div><div class="author"><h3><span class="first-last personname"><span class="firstname">Norman</span> <span class="surname">Walsh</span></span></h3></div><div class="author"><h3><span class="editedby">Edited by </span><span class="first-last personname"><span class="firstname">Jane</span> <span class="surname">Doe</span></span></h3></div></div><p class="releaseinfo"><span class="CVS releaseinfo">$Id: book.003.xml 4056 2004-11-23 13:28:50Z nwalsh $</span></p><p class="pubdate"><time class="pubdate">18 January 2002</time></p><div class="legalnotice"><p>
Some legal notice. Some legal notice. Some legal notice.
Some legal notice. Some legal notice. Some legal notice.
Some legal notice. Some legal notice. Some legal notice.
Some legal notice. Some legal notice. Some legal notice.
Some legal notice. Some legal notice. Some legal notice.
Some legal notice. Some legal notice. Some legal notice.
Some legal notice. Some legal notice. Some legal notice.
Some legal notice. Some legal notice. Some legal notice.
Some legal notice. Some legal notice. Some legal notice.
Some legal notice. Some legal notice. Some legal notice.
</p></div><div class="abstract"><p>Some abstract. Some abstract. Some abstract. Some abstract.
Some abstract. Some abstract. Some abstract. Some abstract.
Some abstract. Some abstract. Some abstract. Some abstract.
Some abstract. Some abstract. Some abstract. Some abstract.
Some abstract. Some abstract. Some abstract. Some abstract.
Some abstract. Some abstract. Some abstract. Some abstract.
</p><p>Some abstract. Some abstract. Some abstract. Some abstract.
Some abstract. Some abstract. Some abstract. Some abstract.
</p></div><div class="revhistory"><header><div class="title">Revision History</div></header><table><colgroup><col class="revnumber"/><col class="date" style="text-align: right;"/><col class="author"/><col class="revremark"/></colgroup><tbody><tr class="revision"><td><span class="revnumber">1.1</span></td><td><span class="date">18 Jan 2002</span></td><td><span class="authorinitials">ndw</span></td><td><p class="revremark">Reworked.</p></td></tr><tr class="revision"><td><span class="revnumber">1.0</span></td><td><span class="date">20 Nov 1998</span></td><td><span class="authorinitials">ndw</span></td><td><p class="revremark">Some remark about the revision</p></td></tr><tr class="revision"><td><span class="revnumber">0.9</span></td><td><span class="date">19 Nov 1998</span></td><td><span class="authorinitials">ndw</span></td><td><p class="revremark">Some remark about the revision</p></td></tr><tr class="revision"><td><span class="revnumber">0.4</span></td><td><span class="date">18 Nov 1998</span></td><td><span class="authorinitials">ndw</span></td><td><p class="revremark">Some remark about the revision</p></td></tr></tbody></table></div><div class="copyright">Copyright © <span class="copyright-years"><span class="year">1998</span>–<span class="year">2002</span></span> <span class="holder">Norman Walsh</span></div></header><div class="list-of-titles"><div class="lot toc"><div class="title">Table of Contents</div><ul class="toc"><li><a href="#chap1"><span class="label">1</span><span class="sep">. </span>First Chapter</a><ul class="toc"><li><a href="#chap1_s1"><span class="label">1</span><span class="sep">. </span>First Section</a><ul class="toc"><li><a href="#chap1_s1_s1"><span class="label">1<span class="sep">.</span>1</span><span class="sep">. </span>First Subsection</a></li></ul></li><li><a href="#chap1_s2"><span class="label">2</span><span class="sep">. </span>Second Section</a></li></ul></li></ul></div><div class="list-of-figures lot"><div class="title">List of Figures</div><ul class="toc"><li><a href="#figduck"><span class="label">1<span class="sep">.</span>1</span><span class="sep">. </span>A Test Figure</a></li><li><a href="#figduck2"><span class="label">1<span class="sep">.</span>2</span><span class="sep">. </span>Another Test Figure</a></li></ul></div><div class="list-of-examples lot"><div class="title">List of Examples</div><ul class="toc"><li><a href="#example"><span class="label">1<span class="sep">.</span>1</span><span class="sep">. </span>Test Example</a></li></ul></div></div><section id="chap1" class="chapter component"><header><h2>Chapter <span class="label">1</span><span class="sep">. </span>First Chapter</h2></header><p>Blah blah blah blah. Blah blah blah blah. Blah blah blah blah.
Blah blah blah blah blah blah blah blah. Blah blah blah blah.
Blah. Blah blah blah blah. Blah blah. Blah blah blah blah.
Blah blah blah blah blah blah blah blah. Blah blah blah blah.
Blah. Blah blah blah blah. Blah blah. Blah blah blah blah.
Blah blah blah blah blah blah blah blah. Blah blah blah blah.
Blah. Blah blah blah blah. Blah blah. Blah blah blah blah.
Blah blah blah blah blah blah blah blah. Blah blah blah blah.
Blah. Blah blah blah blah. Blah blah. Blah blah blah blah.
Blah blah blah blah blah blah blah blah. Blah blah blah blah.
Blah. Blah blah blah blah. Blah blah. Blah blah blah blah.
Blah blah blah blah blah blah blah blah. Blah blah blah blah.
Blah. Blah blah blah blah. Blah blah. Blah blah blah blah.
Blah blah blah blah blah blah blah blah. Blah blah blah blah.
Blah. Blah blah blah blah. Blah blah. Blah blah blah blah.
Blah blah blah blah blah blah blah blah. Blah blah blah blah.
Blah. Blah blah blah blah. Blah blah. Blah blah blah blah.
</p><div id="figduck" class="figure formalobject"><div class="pre-wrap" db-startinglinenumber="1" db-numberoflines="1"><pre class="language-none numbered programlisting verbatim verblines"><span class="line" db-line="1"><span class="ln">  <span class="nsep">|</span></span><span class="ld"><code>A figure. Just to test the numeration.</code></span></span>
</pre></div><header><div class="title">Figure <span class="label">1<span class="sep">.</span>1</span><span class="sep">. </span>A Test Figure</div></header></div><section id="chap1_s1" class="section"><header><h2><span class="label">1</span><span class="sep">. </span>First Section</h2></header><div id="figduck2" class="figure formalobject"><div class="pre-wrap" db-startinglinenumber="1" db-numberoflines="1"><pre class="language-none numbered programlisting verbatim verblines"><span class="line" db-line="1"><span class="ln">  <span class="nsep">|</span></span><span class="ld"><code>A figure. Just to test the numeration.</code></span></span>
</pre></div><header><div class="title">Figure <span class="label">1<span class="sep">.</span>2</span><span class="sep">. </span>Another Test Figure</div></header></div><p>Blah blah blah blah. Blah blah blah blah. Blah blah blah blah.
Blah blah blah blah blah blah blah blah. Blah blah blah blah.
Blah. Blah blah blah blah. Blah blah. Blah blah blah blah.
Blah blah blah blah blah blah blah blah. Blah blah blah blah.
Blah. Blah blah blah blah. Blah blah. Blah blah blah blah.
Blah blah blah blah blah blah blah blah. Blah blah blah blah.
Blah. Blah blah blah blah. Blah blah. Blah blah blah blah.
Blah blah blah blah blah blah blah blah. Blah blah blah blah.
Blah. Blah blah blah blah. Blah blah. Blah blah blah blah.
Blah blah blah blah blah blah blah blah. Blah blah blah blah.
Blah. Blah blah blah blah. Blah blah. Blah blah blah blah.
Blah blah blah blah blah blah blah blah. Blah blah blah blah.
Blah. Blah blah blah blah. Blah blah. Blah blah blah blah.
Blah blah blah blah blah blah blah blah. Blah blah blah blah.
Blah. Blah blah blah blah. Blah blah. Blah blah blah blah.
Blah blah blah blah blah blah blah blah. Blah blah blah blah.
Blah. Blah blah blah blah. Blah blah. Blah blah blah blah.
</p><div id="example" class="example formalobject"><div class="pre-wrap" db-startinglinenumber="1" db-numberoflines="1"><pre class="language-none numbered programlisting verbatim verblines"><span class="line" db-line="1"><span class="ln">  <span class="nsep">|</span></span><span class="ld"><code>An example.</code></span></span>
</pre></div><header><div class="title">Example <span class="label">1<span class="sep">.</span>1</span><span class="sep">. </span>Test Example</div></header></div><section id="chap1_s1_s1" class="section"><header><h3><span class="label">1<span class="sep">.</span>1</span><span class="sep">. </span>First Subsection</h3></header><p>Blah blah blah blah. Blah blah blah blah. Blah blah blah blah.
Blah blah blah blah blah blah blah blah. Blah blah blah blah.
Blah. Blah blah blah blah. Blah blah. Blah blah blah blah.
Blah blah blah blah blah blah blah blah. Blah blah blah blah.
Blah. Blah blah blah blah. Blah blah. Blah blah blah blah.
Blah blah blah blah blah blah blah blah. Blah blah blah blah.
Blah. Blah blah blah blah. Blah blah. Blah blah blah blah.
Blah blah blah blah blah blah blah blah. Blah blah blah blah.
Blah. Blah blah blah blah. Blah blah. Blah blah blah blah.
Blah blah blah blah blah blah blah blah. Blah blah blah blah.
Blah. Blah blah blah blah. Blah blah. Blah blah blah blah.
Blah blah blah blah blah blah blah blah. Blah blah blah blah.
Blah. Blah blah blah blah. Blah blah. Blah blah blah blah.
Blah blah blah blah blah blah blah blah. Blah blah blah blah.
Blah. Blah blah blah blah. Blah blah. Blah blah blah blah.
Blah blah blah blah blah blah blah blah. Blah blah blah blah.
Blah. Blah blah blah blah. Blah blah. Blah blah blah blah.
</p></section></section><section id="chap1_s2" class="section"><header><h2><span class="label">2</span><span class="sep">. </span>Second Section</h2></header><p>Blah blah blah blah. Blah blah blah blah. Blah blah blah blah.
Blah blah blah blah blah blah blah blah. Blah blah blah blah.
Blah. Blah blah blah blah. Blah blah. Blah blah blah blah.
Blah blah blah blah blah blah blah blah. Blah blah blah blah.
Blah. Blah blah blah blah. Blah blah. Blah blah blah blah.
Blah blah blah blah blah blah blah blah. Blah blah blah blah.
Blah. Blah blah blah blah. Blah blah. Blah blah blah blah.
Blah blah blah blah blah blah blah blah. Blah blah blah blah.
Blah. Blah blah blah blah. Blah blah. Blah blah blah blah.
Blah blah blah blah blah blah blah blah. Blah blah blah blah.
Blah. Blah blah blah blah. Blah blah. Blah blah blah blah.
Blah blah blah blah blah blah blah blah. Blah blah blah blah.
Blah. Blah blah blah blah. Blah blah. Blah blah blah blah.
Blah blah blah blah blah blah blah blah. Blah blah blah blah.
Blah. Blah blah blah blah. Blah blah. Blah blah blah blah.
Blah blah blah blah blah blah blah blah. Blah blah blah blah.
Blah. Blah blah blah blah. Blah blah. Blah blah blah blah.
</p></section></section></article></main><nav class="bottom"></nav></body></html>