<!DOCTYPE html><html xmlns="http://www.w3.org/1999/xhtml" class="no-js"><head><meta http-equiv="Content-Type" content="text/html; charset=utf-8"/><script>(function(H){H.className=H.className.replace(/\bno-js\b/,'js')})(document.documentElement)</script><title>Unit Test: book.005</title><meta name="viewport" content="width=device-width, initial-scale=1.0"/><link href="https://purl.org/dc/elements/1.1/" rel="schema.dc"/><meta content="2011-04-22T17:02:00-06:00" name="dc.modified"/><meta content="DocBook xslTNG" name="generator"/><link href="./css/docbook.css" rel="stylesheet" media="screen"/></head><body class="home"><nav class="top"></nav><main><article id="book" class="book division"><header><h1>Unit Test: book.005</h1></header><div class="list-of-titles"><div class="lot toc"><div class="title">Table of Contents</div><ul class="toc"><li><a href="#book_ded1">Dedication</a></li><li><a href="#book_p1">Preface</a></li><li><a href="#book_part1">Part <span class="label">I</span><span class="sep">. </span>First Part</a><ul class="toc"><li><a href="#book_part1_ch1"><span class="label">1</span><span class="sep">. </span>First Chapter</a></li><li><a href="#book_part1_ch2"><span class="label">2</span><span class="sep">. </span>Second Chapter</a></li></ul></li><li><a href="#book_part2">Part <span class="label">II</span><span class="sep">. </span>Second Part</a><ul class="toc"><li><a href="#book_part2_ch1"><span class="label">3</span><span class="sep">. </span>Third Chapter</a></li><li><a href="#book_part2_ch2"><span class="label">4</span><span class="sep">. </span>Fourth Chapter</a></li></ul></li><li><a href="#book_ap1"><span class="label">A</span><span class="sep">. </span>Appendix</a></li></ul></div></div><section id="book_ded1" class="component dedication"><header><h2>Dedication</h2></header><p>Some Dedication</p></section><section id="book_p1" class="component preface"><header><h2>Preface</h2></header><p>Some Preface</p></section><article id="book_part1" class="division part"><header><h1>Part <span class="label">I</span><span class="sep">. </span>First Part</h1></header><div class="list-of-titles"><div class="lot toc"><div class="title">Table of Contents</div><ul class="toc"><li><a href="#book_part1_ch1"><span class="label">1</span><span class="sep">. </span>First Chapter</a></li><li><a href="#book_part1_ch2"><span class="label">2</span><span class="sep">. </span>Second Chapter</a></li></ul></div></div><article id="book_part1_partintro1" class="component partintro"><p>Some Part Intro</p></article><section id="book_part1_ch1" class="chapter component"><header><h1>Chapter <span class="label">1</span><span class="sep">. </span>First Chapter</h1></header><p>Some Chapter</p></section><section id="book_part1_ch2" class="chapter component"><header><h1>Chapter <span class="label">2</span><span class="sep">. </span>Second Chapter</h1></header><p>Some Chapter</p></section></article><article id="book_part2" class="division part"><header><h1>Part <span class="label">II</span><span class="sep">. </span>Second Part</h1></header><div class="list-of-titles"><div class="lot toc"><div class="title">Table of Contents</div><ul class="toc"><li><a href="#book_part2_ch1"><span class="label">3</span><span class="sep">. </span>Third Chapter</a></li><li><a href="#book_part2_ch2"><span class="label">4</span><span class="sep">. </span>Fourth Chapter</a></li></ul></div></div><article id="book_part2_partintro1" class="component partintro"><p>Some Part Intro</p></article><section id="book_part2_ch1" class="chapter component"><header><h1>Chapter <span class="label">3</span><span class="sep">. </span>Third Chapter</h1></header><p>Some Chapter</p></section><section id="book_part2_ch2" class="chapter component"><header><h1>Chapter <span class="label">4</span><span class="sep">. </span>Fourth Chapter</h1></header><p>Some Chapter</p></section></article><section id="book_ap1" class="appendix component"><header><h2>Appendix <span class="label">A</span><span class="sep">. </span>Appendix</h2></header><p>Some Appendix</p></section></article></main><nav class="bottom"></nav></body></html>