<!DOCTYPE html><html xmlns="http://www.w3.org/1999/xhtml" class="no-js"><head><meta http-equiv="Content-Type" content="text/html; charset=utf-8"/><script>(function(H){H.className=H.className.replace(/\bno-js\b/,'js')})(document.documentElement)</script><title>Unit Test: book.004</title><meta name="viewport" content="width=device-width, initial-scale=1.0"/><link href="https://purl.org/dc/elements/1.1/" rel="schema.dc"/><meta content="2011-04-22T17:02:00-06:00" name="dc.modified"/><meta content="DocBook xslTNG" name="generator"/><link href="./css/docbook.css" rel="stylesheet" media="screen"/></head><body class="home"><nav class="top"></nav><main><article id="book" class="book division"><header><h1>Unit Test: book.004</h1></header><div class="list-of-titles"><div class="lot toc"><div class="title">Table of Contents</div><ul class="toc"><li><a href="#chap1"><span class="label">1</span><span class="sep">. </span>First <code class="filename">Filename</code> Chapter</a></li><li><a href="#chap2"><span class="label">2</span><span class="sep">. </span>My Product<em>
         <sup>plus</sup>
      </em> description</a></li></ul></div></div><section id="chap1" class="chapter component"><header><h2>Chapter <span class="label">1</span><span class="sep">. </span>First <code class="filename">Filename</code> Chapter</h2></header><p>blah with <code class="filename">filename</code>.</p></section><section id="chap2" class="chapter component"><header><h2>Chapter <span class="label">2</span><span class="sep">. </span>My Product<em>
         <sup>plus</sup>
      </em> description</h2></header><p>blah.</p></section></article></main><nav class="bottom"></nav></body></html>