<!DOCTYPE html><html xmlns="http://www.w3.org/1999/xhtml" class="no-js"><head><meta http-equiv="Content-Type" content="text/html; charset=utf-8"/><script>(function(H){H.className=H.className.replace(/\bno-js\b/,'js')})(document.documentElement)</script><title>Book wrapper</title><meta name="viewport" content="width=device-width, initial-scale=1.0"/><link href="https://purl.org/dc/elements/1.1/" rel="schema.dc"/><meta content="2011-04-22T17:02:00-06:00" name="dc.modified"/><meta content="DocBook xslTNG" name="generator"/><link href="./css/docbook.css" rel="stylesheet" media="screen"/></head><body class="home"><nav class="top"></nav><main><article class="book division"><header><h1>Book wrapper</h1></header><div class="list-of-titles"><div class="lot toc"><div class="title">Table of Contents</div><ul class="toc"><li><a href="#R_p1">Preface</a></li><li><a href="#R_ch1"><span class="label">1</span><span class="sep">. </span>Chapter with sect1…</a><ul class="toc"><li><a href="#R_ch1_s1_1"><span class="label">1</span><span class="sep">. </span>sect1 title</a><ul class="toc"><li><a href="#R_ch1_s1_1_s2_1"><span class="label">1<span class="sep">.</span>1</span><span class="sep">. </span>sect2 title</a><ul class="toc"><li><a href="#R_ch1_s1_1_s2_1_s3_1"><span class="label">1<span class="sep">.</span>1<span class="sep">.</span>1</span><span class="sep">. </span>sect3 title</a><ul class="toc"><li><a href="#R_ch1_s1_1_s2_1_s3_1_s4_1"><span class="label">1<span class="sep">.</span>1<span class="sep">.</span>1<span class="sep">.</span>1</span><span class="sep">. </span>sect4 title</a><ul class="toc"><li><a href="#R_ch1_s1_1_s2_1_s3_1_s4_1_s5_1"><span class="label">1<span class="sep">.</span>1<span class="sep">.</span>1<span class="sep">.</span>1<span class="sep">.</span>1</span><span class="sep">. </span>sect5 title</a></li></ul></li></ul></li></ul></li></ul></li></ul></li><li><a href="#R_ch2"><span class="label">2</span><span class="sep">. </span>Chapter with section…</a><ul class="toc"><li><a href="#R_ch2_s1"><span class="label">1</span><span class="sep">. </span>section title</a><ul class="toc"><li><a href="#R_ch2_s1_s1"><span class="label">1<span class="sep">.</span>1</span><span class="sep">. </span>section title</a><ul class="toc"><li><a href="#R_ch2_s1_s1_s1"><span class="label">1<span class="sep">.</span>1<span class="sep">.</span>1</span><span class="sep">. </span>section title</a><ul class="toc"><li><a href="#R_ch2_s1_s1_s1_s1"><span class="label">1<span class="sep">.</span>1<span class="sep">.</span>1<span class="sep">.</span>1</span><span class="sep">. </span>section title</a><ul class="toc"><li><a href="#R_ch2_s1_s1_s1_s1_s1"><span class="label">1<span class="sep">.</span>1<span class="sep">.</span>1<span class="sep">.</span>1<span class="sep">.</span>1</span><span class="sep">. </span>section title</a></li></ul></li></ul></li></ul></li></ul></li></ul></li><li><a href="#R_ch3"><span class="label">3</span><span class="sep">. </span>Another chapter</a></li></ul></div></div><section id="R_p1" class="component preface"><header><h2>Preface</h2></header><p>A test paragraph.</p><p>This test para encourages you to see <a href="#bh" class="xref xref-bridgehead">the section called “This is an implied level 1 bridgehead”</a>.</p></section><section id="R_ch1" class="chapter component"><header><h2>Chapter <span class="label">1</span><span class="sep">. </span>Chapter with sect1…</h2></header><p>This is a test paragraph.</p><h2 class="bridgehead">This is an implied sect1 bridgehead</h2><p>This is a test paragraph.</p><section id="R_ch1_s1_1" class="sect1"><header><h2><span class="label">1</span><span class="sep">. </span>sect1 title</h2><h3>sect1 subtitle</h3></header><p>This is a test paragraph.</p><h3 class="bridgehead">This is an implied sect2 bridgehead</h3><p>This is a test paragraph.</p><section id="R_ch1_s1_1_s2_1" class="sect2"><header><h3><span class="label">1<span class="sep">.</span>1</span><span class="sep">. </span>sect2 title</h3></header><p>This is a test paragraph.</p><h4 class="bridgehead">This is an implied sect3 bridgehead</h4><p>This is a test paragraph.</p><section id="R_ch1_s1_1_s2_1_s3_1" class="sect3"><header><h4><span class="label">1<span class="sep">.</span>1<span class="sep">.</span>1</span><span class="sep">. </span>sect3 title</h4></header><p>This is a test paragraph.</p><h5 class="bridgehead">This is an implied sect4 bridgehead</h5><p>This is a test paragraph.</p><section id="R_ch1_s1_1_s2_1_s3_1_s4_1" class="sect4"><header><h5><span class="label">1<span class="sep">.</span>1<span class="sep">.</span>1<span class="sep">.</span>1</span><span class="sep">. </span>sect4 title</h5></header><p>This is a test paragraph.</p><h5 class="bridgehead">This is an implied sect5 bridgehead</h5><p>This is a test paragraph.</p><section id="R_ch1_s1_1_s2_1_s3_1_s4_1_s5_1" class="sect5"><header><h5><span class="label">1<span class="sep">.</span>1<span class="sep">.</span>1<span class="sep">.</span>1<span class="sep">.</span>1</span><span class="sep">. </span>sect5 title</h5></header><p>This is a test paragraph.</p><h5 class="bridgehead">This is an implied sect6 bridgehead</h5><p>This is a test paragraph.</p></section></section></section></section></section></section><section id="R_ch2" class="chapter component"><header><h2>Chapter <span class="label">2</span><span class="sep">. </span>Chapter with section…</h2></header><p>This is a test paragraph.</p><h2 id="bh" class="bridgehead">This is an implied level 1 bridgehead</h2><p>This is a test paragraph.</p><section id="R_ch2_s1" class="section"><header><h2><span class="label">1</span><span class="sep">. </span>section title</h2><h3>section subtitle</h3></header><p>This is a test paragraph.</p><h3 class="bridgehead">This is an implied level 2 bridgehead</h3><p>This is a test paragraph.</p><section id="R_ch2_s1_s1" class="section"><header><h3><span class="label">1<span class="sep">.</span>1</span><span class="sep">. </span>section title</h3></header><p>This is a test paragraph.</p><h4 class="bridgehead">This is an implied level 3 bridgehead</h4><p>This is a test paragraph.</p><section id="R_ch2_s1_s1_s1" class="section"><header><h4><span class="label">1<span class="sep">.</span>1<span class="sep">.</span>1</span><span class="sep">. </span>section title</h4></header><p>This is a test paragraph.</p><h5 class="bridgehead">This is an implied level 4 bridgehead</h5><p>This is a test paragraph.</p><section id="R_ch2_s1_s1_s1_s1" class="section"><header><h5><span class="label">1<span class="sep">.</span>1<span class="sep">.</span>1<span class="sep">.</span>1</span><span class="sep">. </span>section title</h5></header><p>This is a test paragraph.</p><h5 class="bridgehead">This is an implied level 5 bridgehead</h5><p>This is a test paragraph.</p><section id="R_ch2_s1_s1_s1_s1_s1" class="section"><header><h5><span class="label">1<span class="sep">.</span>1<span class="sep">.</span>1<span class="sep">.</span>1<span class="sep">.</span>1</span><span class="sep">. </span>section title</h5></header><p>This is a test paragraph.</p><h5 class="bridgehead">This is an implied level 6 bridgehead</h5><p>This is a test paragraph.</p></section></section></section></section></section></section><section id="R_ch3" class="chapter component"><header><h2>Chapter <span class="label">3</span><span class="sep">. </span>Another chapter</h2></header><p>This is a test paragraph.</p><blockquote class="blockquote"><div class="bridgehead title">Bridgehead in a block quote</div><p>This is the quote.</p></blockquote><h2 class="bridgehead">An explicit sect1 bridgehead.</h2><h3 class="bridgehead">An explicit sect2 bridgehead.</h3><h4 class="bridgehead">An explicit sect3 bridgehead.</h4><h5 class="bridgehead">An explicit sect4 bridgehead.</h5><h5 class="bridgehead">An explicit sect5 bridgehead.</h5></section></article></main><nav class="bottom"></nav></body></html>