<!DOCTYPE html><html xmlns="http://www.w3.org/1999/xhtml" class="no-js"><head><meta http-equiv="Content-Type" content="text/html; charset=utf-8"/><script>(function(H){H.className=H.className.replace(/\bno-js\b/,'js')})(document.documentElement)</script><title>Unit Test: calloutlist.003</title><meta name="viewport" content="width=device-width, initial-scale=1.0"/><link href="https://purl.org/dc/elements/1.1/" rel="schema.dc"/><meta content="2011-04-22T17:02:00-06:00" name="dc.modified"/><meta content="DocBook xslTNG" name="generator"/><link href="./css/docbook.css" rel="stylesheet"/><link href="./css/docbook-screen.css" rel="stylesheet" media="screen"/><link href="./css/docbook-page-setup.css" rel="stylesheet" media="print"/><link href="./css/docbook-paged.css" rel="stylesheet" media="print"/></head><body class="home"><nav class="top"></nav><main><article class="article component"><header><h1>Unit Test: calloutlist.003</h1><div class="author"><h3><span class="first-last personname"><span class="firstname">Benoit</span> <span class="surname">Guillon</span></span></h3></div></header><div class="list-of-titles"><div class="lot toc"><div class="title">Table of Contents</div><ul class="toc"><li><a href="#R_s1"><span class="number">1<span class="sep"> </span></span>Callouts</a><ul class="toc"><li><a href="#R_s1_s1"><span class="number">1<span class="sep">.</span>1<span class="sep"> </span></span>Embedded <code class="tag tag-element">co</code>s</a></li><li><a href="#R_s1_s2"><span class="number">1<span class="sep">.</span>2<span class="sep"> </span></span>Programlistingco</a></li></ul></li></ul></div></div><section id="R_s1" class="section"><header><h2><span class="number">1<span class="sep"> </span></span>Callouts</h2></header><section id="R_s1_s1" class="section"><header><h3><span class="number">1<span class="sep">.</span>1<span class="sep"> </span></span>Embedded <code class="tag tag-element">co</code>s</h3></header><div class="pre-wrap" db-startinglinenumber="1" db-numberoflines="21"><pre class="language-none long numbered programlisting verbatim verblines"><span class="line" db-line="1"><span class="ln"> 1 <span class="nsep">|</span></span><span class="ld"><code>  &lt;refentry&gt;</code></span></span>
<span class="line" db-line="2"><span class="ln">   <span class="nsep">|</span></span><span class="ld"><code>    &lt;info&gt;</code></span></span>
<span class="line" db-line="3"><span class="ln">   <span class="nsep">|</span></span><span class="ld"><code>      &lt;date&gt;2003-10-20&lt;/date&gt; <a class="co" id="V1690_date-co">①</a></code></span></span>
<span class="line" db-line="4"><span class="ln">   <span class="nsep">|</span></span><span class="ld"><code>    &lt;/info&gt;</code></span></span>
<span class="line" db-line="5"><span class="ln"> 5 <span class="nsep">|</span></span><span class="ld"><code>    &lt;refmeta&gt;</code></span></span>
<span class="line" db-line="6"><span class="ln">   <span class="nsep">|</span></span><span class="ld"><code>      &lt;refentrytitle&gt;gtk-options&lt;/refentrytitle&gt; <a class="co" id="V1690_title-co">②</a></code></span></span>
<span class="line" db-line="7"><span class="ln">   <span class="nsep">|</span></span><span class="ld"><code>      &lt;manvolnum&gt;7&lt;/manvolnum&gt; <a class="co" id="V1690_manvolnum-co">③</a></code></span></span>
<span class="line" db-line="8"><span class="ln">   <span class="nsep">|</span></span><span class="ld"><code>      &lt;refmiscinfo class="source-name"&gt;GTK+&lt;/refmiscinfo&gt; <a class="co" id="V1690_source-name-co">④</a></code></span></span>
<span class="line" db-line="9"><span class="ln">   <span class="nsep">|</span></span><span class="ld"><code>      &lt;refmiscinfo class="version"&gt;1.2&lt;/refmiscinfo&gt; <a class="co" id="V1690_version-co">⑤</a></code></span></span>
<span class="line" db-line="10"><span class="ln">10 <span class="nsep">|</span></span><span class="ld"><code>      &lt;refmiscinfo class="manual"&gt;GTK+ User's Manual&lt;/refmiscinfo&gt; <a class="co" id="V1690_manual-co">⑥</a></code></span></span>
<span class="line" db-line="11"><span class="ln">   <span class="nsep">|</span></span><span class="ld"><code>    &lt;/refmeta&gt;</code></span></span>
<span class="line" db-line="12"><span class="ln">   <span class="nsep">|</span></span><span class="ld"><code>    &lt;refnamediv&gt;</code></span></span>
<span class="line" db-line="13"><span class="ln">   <span class="nsep">|</span></span><span class="ld"><code>      &lt;refname&gt;gtk-options&lt;/refname&gt;</code></span></span>
<span class="line" db-line="14"><span class="ln">   <span class="nsep">|</span></span><span class="ld"><code>      &lt;refpurpose&gt;Standard Command Line Options for GTK+ Programs&lt;/refpurpose&gt;</code></span></span>
<span class="line" db-line="15"><span class="ln">15 <span class="nsep">|</span></span><span class="ld"><code>    &lt;/refnamediv&gt;</code></span></span>
<span class="line" db-line="16"><span class="ln">   <span class="nsep">|</span></span><span class="ld"><code>    &lt;refsect1&gt;</code></span></span>
<span class="line" db-line="17"><span class="ln">   <span class="nsep">|</span></span><span class="ld"><code>      &lt;title&gt;Description&lt;/title&gt;</code></span></span>
<span class="line" db-line="18"><span class="ln">   <span class="nsep">|</span></span><span class="ld"><code>      &lt;para&gt;This manual page describes the command line options, which</code></span></span>
<span class="line" db-line="19"><span class="ln">   <span class="nsep">|</span></span><span class="ld"><code>      are common to all GTK+ based applications.&lt;/para&gt;</code></span></span>
<span class="line" db-line="20"><span class="ln">20 <span class="nsep">|</span></span><span class="ld"><code>    &lt;/refsect1&gt;</code></span></span>
<span class="line" db-line="21"><span class="ln">   <span class="nsep">|</span></span><span class="ld"><code>  &lt;/refentry&gt;</code></span></span>
</pre></div><div class="calloutlist"><dl><dt id="V1690_date" class="callout"><a class="callout-bug" href="#V1690_date-co">①</a></dt><dd><p>Sets the <q>date</q> part of the header/footer.</p></dd><dt id="V1690_title" class="callout"><a class="callout-bug" href="#V1690_title-co">②</a></dt><dd><p>Sets the <q>title</q> part.</p></dd><dt id="V1690_manvolnum" class="callout"><a class="callout-bug" href="#V1690_manvolnum-co">③</a></dt><dd><p>Sets the <q>section</q> part.</p></dd><dt id="V1690_source-name" class="callout"><a class="callout-bug" href="#V1690_source-name-co">④</a></dt><dd><p>Sets the <q>source name</q> part.</p></dd><dt id="V1690_version" class="callout"><a class="callout-bug" href="#V1690_version-co">⑤</a></dt><dd><p>Sets the <q>version</q> part.</p></dd><dt id="V1690_manual" class="callout"><a class="callout-bug" href="#V1690_manual-co">⑥</a></dt><dd><p>Sets the <q>manual</q> part.</p></dd></dl></div><p>
Another <code class="tag tag-element">screen</code> including <code class="tag tag-element">coref</code> too. The
first <code class="tag tag-element">coref</code> is not valid, the second one is valid. It checks
also that several items in co/@linkends are correctly handled.
</p><div class="pre-wrap"><pre class="screen verbatim verblines"><span class="line" db-line="1"><span class="ln">   <span class="nsep">|</span></span><span class="ld"><code> Volume in drive C is SYSTEM         Serial number is 2350:717C</code></span></span>
<span class="line" db-line="2"><span class="ln">   <span class="nsep">|</span></span><span class="ld"><code> Directory of  C:\</code></span></span>
<span class="line" db-line="3"><span class="ln">   <span class="nsep">|</span></span><span class="ld"><code> </code></span></span>
<span class="line" db-line="4"><span class="ln">   <span class="nsep">|</span></span><span class="ld"><code>10/17/97   9:04         &lt;DIR&gt;    bin</code></span></span>
<span class="line" db-line="5"><span class="ln">   <span class="nsep">|</span></span><span class="ld"><code>10/16/97  14:11         &lt;DIR&gt;    DOS <a class="co" id="dos">⑦</a></code></span></span>
<span class="line" db-line="6"><span class="ln">   <span class="nsep">|</span></span><span class="ld"><code>10/16/97  14:40         &lt;DIR&gt;    Program Files</code></span></span>
<span class="line" db-line="7"><span class="ln">   <span class="nsep">|</span></span><span class="ld"><code>10/16/97  14:46         &lt;DIR&gt;    TEMP <span class="coref"><span class="error broken-link"><a href="#unknown"></a></span></span></code></span></span>
<span class="line" db-line="8"><span class="ln">   <span class="nsep">|</span></span><span class="ld"><code>10/17/97   9:04         &lt;DIR&gt;    tmp <a class="co" id="dos">⑦</a></code></span></span>
<span class="line" db-line="9"><span class="ln">   <span class="nsep">|</span></span><span class="ld"><code>10/16/97  14:37         &lt;DIR&gt;    WINNT</code></span></span>
<span class="line" db-line="10"><span class="ln">   <span class="nsep">|</span></span><span class="ld"><code>10/16/97  14:25             119  AUTOEXEC.BAT <a class="co" id="autoexec.bat">⑧</a></code></span></span>
<span class="line" db-line="11"><span class="ln">   <span class="nsep">|</span></span><span class="ld"><code> 2/13/94   6:21          54,619  COMMAND.COM <a class="co" id="command.com">⑨</a></code></span></span>
<span class="line" db-line="12"><span class="ln">   <span class="nsep">|</span></span><span class="ld"><code>10/16/97  14:25             115  CONFIG.SYS <a class="co" id="config.sys">⑩</a></code></span></span>
<span class="line" db-line="13"><span class="ln">   <span class="nsep">|</span></span><span class="ld"><code>11/16/97  17:17      61,865,984  pagefile.sys</code></span></span>
<span class="line" db-line="14"><span class="ln">   <span class="nsep">|</span></span><span class="ld"><code> 2/13/94   6:21           9,349  WINA20.386 <a class="co" id="wina20.386">⑪</a></code></span></span>
</pre></div><div class="calloutlist"><dl><dt id="firstco" class="callout"><a class="callout-bug" href="#dos">⑦</a></dt><dd><p>
  This directory holds <span class="trademark">MS-DOS</span>, the
  operating system that was installed before <span class="trademark">Windows
  NT</span>.
  </p></dd><dt id="startup" class="callout"><a class="callout-bug" href="#autoexec.bat">⑧</a><a class="callout-bug" href="#command.com">⑨</a><a class="callout-bug" href="#config.sys">⑩</a></dt><dd><p>
  System startup code for DOS.
  </p></dd><dt id="lastco" class="callout"><a class="callout-bug" href="#wina20.386">⑪</a></dt><dd><p>
  Some sort of <span class="trademark">Windows 3.1</span> hack for some 386 processors,
  as I recall.
  </p></dd></dl></div></section><section id="R_s1_s2" class="section"><header><h3><span class="number">1<span class="sep">.</span>2<span class="sep"> </span></span>Programlistingco</h3></header><p>This case checks that spaces are added to reach the expected
column.</p><div class="programlistingco"><div class="pre-wrap" db-startinglinenumber="1" db-numberoflines="6"><pre class="language-none long numbered programlisting verbatim verblines"><span class="line" db-line="1"><span class="ln">1 <span class="nsep">|</span></span><span class="ld"><code>This is a line</code></span></span>
<span class="line" db-line="2"><span class="ln">  <span class="nsep">|</span></span><span class="ld"><code>This is another line                                  <a id="hermite1" class="callout-bug linecolumn" db-line="2" db-column="55">①</a></code></span></span>
<span class="line" db-line="3"><span class="ln">  <span class="nsep">|</span></span><span class="ld"><code>This is a third lien</code></span></span>
<span class="line" db-line="4"><span class="ln">  <span class="nsep">|</span></span><span class="ld"><code>                                                      <a id="hermite2" class="callout-bug linecolumn" db-line="4" db-column="55">②</a></code></span></span>
<span class="line" db-line="5"><span class="ln">5 <span class="nsep">|</span></span><span class="ld"><code> </code></span></span>
<span class="line" db-line="6"><span class="ln">  <span class="nsep">|</span></span><span class="ld"><code>...</code></span></span>
</pre></div><div class="calloutlist"><dl><dt class="callout"><a class="callout-bug" href="#hermite1">①</a><a class="callout-bug" href="#hermite2">②</a></dt><dd><p>
here <code class="function">HermiteNormalFormIntegerMat</code>
is used
</p></dd></dl></div></div><p>This programlistingco checks that you can put several markups at different
column positions into the same line, and that several markups with no column
specification are both put at the end of the line. The special case of a markup at
the end of the last line is checked too.</p><div class="programlistingco"><div class="pre-wrap" db-startinglinenumber="1" db-numberoflines="8"><pre class="language-none long numbered programlisting verbatim verblines"><span class="line" db-line="1"><span class="ln">1 <span class="nsep">|</span></span><span class="ld"><code>This is a line</code></span></span>
<span class="line highlight line2" db-line="2"><span class="ln">  <span class="nsep">|</span></span><span class="ld"><code>This is a<a id="pos10" class="callout-bug linecolumn" db-line="2" db-column="10">①</a>no<a id="pos12" class="callout-bug linecolumn" db-line="2" db-column="12">②</a>ther line                                       <a id="posend2" class="callout-bug linecolumn defcol" db-line="2" db-column="60">④</a><a id="posend1" class="callout-bug linecolumn defcol" db-line="2" db-column="60">③</a></code></span></span>
<span class="line" db-line="3"><span class="ln">  <span class="nsep">|</span></span><span class="ld"><code>This is a third lien</code></span></span>
<span class="line" db-line="4"><span class="ln">  <span class="nsep">|</span></span><span class="ld"><code> </code></span></span>
<span class="line" db-line="5"><span class="ln">5 <span class="nsep">|</span></span><span class="ld"><code> </code></span></span>
<span class="line" db-line="6"><span class="ln">  <span class="nsep">|</span></span><span class="ld"><code>...</code></span></span>
<span class="line" db-line="7"><span class="ln">  <span class="nsep">|</span></span><span class="ld"><code>The very last line</code></span></span>
<span class="line highlight line8" db-line="8"><span class="ln">  <span class="nsep">|</span></span><span class="ld"><code>                                                           <a id="poslast" class="callout-bug linecolumn defcol" db-line="8" db-column="60">⑤</a></code></span></span>
</pre></div><div class="calloutlist"><dl><dt class="callout"><a class="callout-bug" href="#pos10">①</a><a class="callout-bug" href="#pos12">②</a></dt><dd><p>
here <code class="function">HermiteNormalFormIntegerMat</code>
is used
</p></dd></dl></div></div></section></section></article></main><nav class="bottom"></nav></body></html>