<!DOCTYPE html><html xmlns="http://www.w3.org/1999/xhtml" class="no-js"><head><meta http-equiv="Content-Type" content="text/html; charset=utf-8"/><script>(function(H){H.className=H.className.replace(/\bno-js\b/,'js')})(document.documentElement)</script><title>Unit Test: co.001</title><meta name="viewport" content="width=device-width, initial-scale=1.0"/><link href="https://purl.org/dc/elements/1.1/" rel="schema.dc"/><meta content="2011-04-22T17:02:00-06:00" name="dc.modified"/><meta content="DocBook xslTNG" name="generator"/><link href="./css/docbook.css" rel="stylesheet" media="screen"/><script src="./js/copy-verbatim.js" defer="defer"></script></head><body class="home"><nav class="top"></nav><main><article class="article component"><header><h1>Unit Test: co.001</h1><div class="author"><h3><span class="first-last personname"><span class="firstname">John</span> <span class="surname">Himpel</span></span></h3></div></header><p>Callouts inside <code class="tag tag-element">userinput</code> elements.</p><div class="pre-wrap"><pre class="screen verbatim verblines"><span class="line" db-line="1"><span class="ln">  <span class="nsep">|</span></span><span class="ld"><code><code class="prompt">$</code><code class="userinput">cp a b<a class="co" id="cp-co">①</a></code></code></span></span>
<span class="line" db-line="2"><span class="ln">  <span class="nsep">|</span></span><span class="ld"><code><code class="userinput"></code></code></span></span>
<span class="line" db-line="3"><span class="ln">  <span class="nsep">|</span></span><span class="ld"><code><code class="prompt">$</code><code class="userinput">mv a b<a class="co" id="mv-co">②</a></code></code></span></span>
<span class="line" db-line="4"><span class="ln">  <span class="nsep">|</span></span><span class="ld"><code> </code></span></span>
</pre></div><div class="calloutlist"><dl><dt id="cp" class="callout"><a class="callout-bug" href="#cp-co">①</a></dt><dd><p>This is a copy.</p></dd><dt id="mv" class="callout"><a class="callout-bug" href="#mv-co">②</a></dt><dd><p>This is a move.</p></dd></dl></div></article></main><nav class="bottom"></nav></body></html>