<!DOCTYPE html><html xmlns="http://www.w3.org/1999/xhtml" class="no-js"><head><meta http-equiv="Content-Type" content="text/html; charset=utf-8"/><script>(function(H){H.className=H.className.replace(/\bno-js\b/,'js')})(document.documentElement)</script><title>Unit test: small-duck.002</title><meta name="viewport" content="width=device-width, initial-scale=1.0"/><link href="https://purl.org/dc/elements/1.1/" rel="schema.dc"/><meta content="2011-04-22T17:02:00-06:00" name="dc.modified"/><meta content="DocBook xslTNG" name="generator"/><link href="./css/docbook.css" rel="stylesheet"/><link href="./css/docbook-screen.css" rel="stylesheet" media="screen"/><link href="./css/docbook-page-setup.css" rel="stylesheet" media="print"/><link href="./css/docbook-paged.css" rel="stylesheet" media="print"/></head><body class="home"><nav class="top"></nav><main><article class="article component"><header><h1>Unit test: small-duck.002</h1></header><p>This is a gif. This test will only pass if the stylesheets
can determine the intrinsic size of the image. This requires
an extension function.</p><div class="mediaobject"><div class="imageobject"><div class="media"><span class="viewport-table" style="width:150px;"><span class="viewport-row"><span class="viewport-cell"><span class="viewport"><img src="media/duck-small.gif" style="width:150px;"/></span></span></span></span></div></div></div></article></main><nav class="bottom"></nav></body></html>