<!DOCTYPE html><html xmlns="http://www.w3.org/1999/xhtml" class="no-js"><head><meta http-equiv="Content-Type" content="text/html; charset=utf-8"/><script>(function(H){H.className=H.className.replace(/\bno-js\b/,'js')})(document.documentElement)</script><title>Unit test: small-duck.006</title><meta name="viewport" content="width=device-width, initial-scale=1.0"/><link href="https://purl.org/dc/elements/1.1/" rel="schema.dc"/><meta content="2011-04-22T17:02:00-06:00" name="dc.modified"/><meta content="DocBook xslTNG" name="generator"/><link href="./css/docbook.css" rel="stylesheet" media="screen"/></head><body class="home"><nav class="top"></nav><main><article class="article component"><header><h1>Unit test: small-duck.006</h1></header><p>This is an SVG image. It is not a duck. It is the
example image from
<a href="https://commons.wikimedia.org/wiki/File:Example.svg" class="link">https://commons.wikimedia.org/wiki/File:Example.svg</a>.
This test will only pass if the stylesheets can determine the
intrinsic size of the image. This requires an extension
function.</p><div class="mediaobject"><div class="media image"><span class="viewport-table" style="width:300px;"><span class="viewport-row"><span class="viewport-cell"><span><span class="viewport"><picture class="imageobject"><img src="media/example.svg" style="width:300px;"/></picture></span></span></span></span></span></div></div></article></main><nav class="bottom"></nav></body></html>