<!DOCTYPE html><html xmlns="http://www.w3.org/1999/xhtml" class="no-js"><head><meta http-equiv="Content-Type" content="text/html; charset=utf-8"/><title>Article wrapper</title><meta name="viewport" content="width=device-width, initial-scale=1.0"/><link href="https://purl.org/dc/elements/1.1/" rel="schema.dc"/><meta content="2011-04-22T17:02:00-06:00" name="dc.modified"/><meta content="DocBook xslTNG" name="generator"/><link href="./css/docbook.css" rel="stylesheet"/><link href="./css/docbook-screen.css" rel="stylesheet"/></head><body class="home"><nav class="top"></nav><main><article class="article"><header><h1>Article wrapper</h1></header><div id="figduck" class="figure"><div class="mediaobject" summary="The DocBook: TDG Duck"><div class="imageobject"><div class="media"><span class="viewport-table"><span class="viewport-row"><span class="viewport-cell" style="text-align:center;"><span class="viewport"><img src="media/duck-small.png" alt="The DocBook: TDG Duck"/></span></span></span></span></div></div></div><header><div class="title"><span class="label">Figure<span class="sep"> </span></span><span class="number">1<span class="sep">.</span>1<span class="sep"> </span></span>The Duck</div></header></div></article></main><nav class="bottom"></nav></body></html>