<!DOCTYPE html><html xmlns="http://www.w3.org/1999/xhtml" class="no-js"><head><meta http-equiv="Content-Type" content="text/html; charset=utf-8"/><script>(function(H){H.className=H.className.replace(/\bno-js\b/,'js')})(document.documentElement)</script><title>Article wrapper</title><meta name="viewport" content="width=device-width, initial-scale=1.0"/><link href="https://purl.org/dc/elements/1.1/" rel="schema.dc"/><meta content="2011-04-22T17:02:00-06:00" name="dc.modified"/><meta content="DocBook xslTNG" name="generator"/><link href="./css/docbook.css" rel="stylesheet" media="screen"/><script src="./js/copy-verbatim.js" defer="defer"></script></head><body class="home"><nav class="top"></nav><main><article class="article component"><header><h1>Article wrapper</h1></header><p>This paragraph contains a footnote<sup id="R_para1_footnote1-fref" class="footnote-number"><a href="#R_para1_footnote1-fnote">1</a></sup>.</p><div id="R_tab1" class="formalobject table"><header><div class="title">Table <span class="label">1</span><span class="sep">. </span>A table</div></header><table><tbody><tr><td>A Cell</td><td>A Cell<sup id="R_tab1_tgroup1_tbody1_row1_entry2_footnote1-fref" class="footnote-number table-footnote"><a href="#R_tab1_tgroup1_tbody1_row1_entry2_footnote1-fnote">a</a></sup>
               </td><td>A Cell</td></tr><tr><td>A Cell<sup id="R_tab1_tgroup1_tbody1_row2_entry1_footnote1-fref" class="footnote-number table-footnote"><a href="#R_tab1_tgroup1_tbody1_row2_entry1_footnote1-fnote">b</a></sup>
               </td><td>A Cell</td><td>A Cell</td></tr><tr><td>A Cell</td><td>A Cell</td><td>A Cell<sup id="R_tab1_tgroup1_tbody1_row3_entry3_footnote1-fref" class="footnote-number table-footnote"><a href="#R_tab1_tgroup1_tbody1_row3_entry3_footnote1-fnote">c</a></sup>
               </td></tr></tbody></table><div class="footnotes table-footnotes"><div class="footnote" id="R_tab1_tgroup1_tbody1_row1_entry2_footnote1-fnote"><div class="footnote-number"><sup class="footnote-number table-footnote"><a href="#R_tab1_tgroup1_tbody1_row1_entry2_footnote1-fref">a</a></sup></div><div class="footnote-body"><p>First footnote.</p></div></div><div class="footnote" id="R_tab1_tgroup1_tbody1_row2_entry1_footnote1-fnote"><div class="footnote-number"><sup class="footnote-number table-footnote"><a href="#R_tab1_tgroup1_tbody1_row2_entry1_footnote1-fref">b</a></sup></div><div class="footnote-body"><p class="simpara">Second footnote.</p></div></div><div class="footnote" id="R_tab1_tgroup1_tbody1_row3_entry3_footnote1-fnote"><div class="footnote-number"><sup class="footnote-number table-footnote"><a href="#R_tab1_tgroup1_tbody1_row3_entry3_footnote1-fref">c</a></sup></div><div class="footnote-body"><div class="pre-wrap"><pre class="address verbatim">100 Any Street
East Yahoo, XX</pre></div></div></div></div></div><p>This paragraph contains a footnote<sup id="R_para2_footnote1-fref" class="footnote-number"><a href="#R_para2_footnote1-fnote">2</a></sup>.</p><div id="R_tab2" class="formalobject table"><header><div class="title">Table <span class="label">2</span><span class="sep">. </span>A table</div></header><table><tbody><tr><td>A Cell</td><td>A Cell<sup id="R_tab2_tgroup1_tbody1_row1_entry2_footnote1-fref" class="footnote-number table-footnote"><a href="#R_tab2_tgroup1_tbody1_row1_entry2_footnote1-fnote">a</a></sup>
               </td><td>A Cell</td></tr><tr><td>A Cell<sup id="R_tab2_tgroup1_tbody1_row2_entry1_footnote1-fref" class="footnote-number table-footnote"><a href="#R_tab2_tgroup1_tbody1_row2_entry1_footnote1-fnote">b</a></sup>
               </td><td>A Cell</td><td>A Cell</td></tr><tr><td>A Cell</td><td>A Cell</td><td>A Cell<sup id="R_tab2_tgroup1_tbody1_row3_entry3_footnote1-fref" class="footnote-number table-footnote"><a href="#R_tab2_tgroup1_tbody1_row3_entry3_footnote1-fnote">c</a></sup>
               </td></tr></tbody></table><div class="footnotes table-footnotes"><div class="footnote" id="R_tab2_tgroup1_tbody1_row1_entry2_footnote1-fnote"><div class="footnote-number"><sup class="footnote-number table-footnote"><a href="#R_tab2_tgroup1_tbody1_row1_entry2_footnote1-fref">a</a></sup></div><div class="footnote-body"><p>First footnote.</p></div></div><div class="footnote" id="R_tab2_tgroup1_tbody1_row2_entry1_footnote1-fnote"><div class="footnote-number"><sup class="footnote-number table-footnote"><a href="#R_tab2_tgroup1_tbody1_row2_entry1_footnote1-fref">b</a></sup></div><div class="footnote-body"><p class="simpara">Second footnote.</p></div></div><div class="footnote" id="R_tab2_tgroup1_tbody1_row3_entry3_footnote1-fnote"><div class="footnote-number"><sup class="footnote-number table-footnote"><a href="#R_tab2_tgroup1_tbody1_row3_entry3_footnote1-fref">c</a></sup></div><div class="footnote-body"><div class="pre-wrap"><pre class="address verbatim">100 Any Street
East Yahoo, XX</pre></div></div></div></div></div><p>This paragraph contains a footnote<sup id="R_para3_footnote1-fref" class="footnote-number"><a href="#R_para3_footnote1-fnote">3</a></sup>.</p><div class="formalobject table" id="R_tab3"><table border="1" class="formalobject table"><caption>An HTML Table</caption><tbody><tr><td>A Cell</td><td>A Cell<sup id="R_tab3_tbody1_tr1_td2_footnote1-fref" class="footnote-number table-footnote"><a href="#R_tab3_tbody1_tr1_td2_footnote1-fnote">a</a></sup>
            </td><td>A Cell</td></tr><tr><td>A Cell<sup id="R_tab3_tbody1_tr2_td1_footnote1-fref" class="footnote-number table-footnote"><a href="#R_tab3_tbody1_tr2_td1_footnote1-fnote">b</a></sup>
            </td><td>A Cell</td><td>A Cell</td></tr><tr><td>A Cell</td><td>A Cell</td><td>A Cell<sup id="R_tab3_tbody1_tr3_td3_footnote1-fref" class="footnote-number table-footnote"><a href="#R_tab3_tbody1_tr3_td3_footnote1-fnote">c</a></sup>
            </td></tr></tbody></table><div class="footnotes table-footnotes"><div class="footnote" id="R_tab3_tbody1_tr1_td2_footnote1-fnote"><div class="footnote-number"><sup class="footnote-number table-footnote"><a href="#R_tab3_tbody1_tr1_td2_footnote1-fref">a</a></sup></div><div class="footnote-body"><p>First footnote.</p></div></div><div class="footnote" id="R_tab3_tbody1_tr2_td1_footnote1-fnote"><div class="footnote-number"><sup class="footnote-number table-footnote"><a href="#R_tab3_tbody1_tr2_td1_footnote1-fref">b</a></sup></div><div class="footnote-body"><p class="simpara">Second footnote.</p></div></div><div class="footnote" id="R_tab3_tbody1_tr3_td3_footnote1-fnote"><div class="footnote-number"><sup class="footnote-number table-footnote"><a href="#R_tab3_tbody1_tr3_td3_footnote1-fref">c</a></sup></div><div class="footnote-body"><div class="pre-wrap"><pre class="address verbatim">100 Any Street
East Yahoo, XX</pre></div></div></div></div></div><p>This paragraph contains a footnote<sup id="R_para4_footnote1-fref" class="footnote-number"><a href="#R_para4_footnote1-fnote">4</a></sup>.</p></article><footer><div class="footnotes"><hr/><div class="footnote" id="R_para1_footnote1-fnote"><div class="footnote-number"><sup class="footnote-number"><a href="#R_para1_footnote1-fref">1</a></sup></div><div class="footnote-body"><p>This is a footnote.</p></div></div><div class="footnote" id="R_para2_footnote1-fnote"><div class="footnote-number"><sup class="footnote-number"><a href="#R_para2_footnote1-fref">2</a></sup></div><div class="footnote-body"><p>This is a footnote.</p></div></div><div class="footnote" id="R_para3_footnote1-fnote"><div class="footnote-number"><sup class="footnote-number"><a href="#R_para3_footnote1-fref">3</a></sup></div><div class="footnote-body"><p>This is a footnote.</p></div></div><div class="footnote" id="R_para4_footnote1-fnote"><div class="footnote-number"><sup class="footnote-number"><a href="#R_para4_footnote1-fref">4</a></sup></div><div class="footnote-body"><p>This is a footnote.</p></div></div></div></footer></main><nav class="bottom"></nav></body></html>