<!DOCTYPE html><html xmlns="http://www.w3.org/1999/xhtml" class="no-js"><head><meta http-equiv="Content-Type" content="text/html; charset=utf-8"/><script>(function(H){H.className=H.className.replace(/\bno-js\b/,'js')})(document.documentElement)</script><title>Unit test: formalgroup.003</title><meta name="viewport" content="width=device-width, initial-scale=1.0"/><link href="https://purl.org/dc/elements/1.1/" rel="schema.dc"/><meta content="2011-04-22T17:02:00-06:00" name="dc.modified"/><meta content="DocBook xslTNG" name="generator"/><link href="./css/docbook.css" rel="stylesheet"/><link href="./css/docbook-screen.css" rel="stylesheet" media="screen"/><link href="./css/docbook-page-setup.css" rel="stylesheet" media="print"/><link href="./css/docbook-paged.css" rel="stylesheet" media="print"/></head><body class="home"><nav class="top"></nav><main><article class="book division"><header><h1>Unit test: formalgroup.003</h1></header><div class="list-of-titles"><div class="lot toc"><div class="title">Table of Contents</div><ul class="toc"><li><a href="#R_ch1"><span class="label">Chapter<span class="sep"> </span></span><span class="number">1<span class="sep">. </span></span>Testing formal group enumeration</a><ul class="toc"><li><a href="#R_ch1_s1"><span class="number">1<span class="sep"> </span></span>With inherited numeration</a></li></ul></li></ul></div><div class="list-of-examples lot"><div class="title">List of Examples</div><ul class="toc"><li><a href="#R_ch1_s1_formalgroup1"><span class="number">1<span class="sep">.</span>1<span class="sep"> </span></span>One and two</a></li><li><a href="#R_ch1_s1_formalgroup2"><span class="number">1<span class="sep">.</span>2<span class="sep"> </span></span>Two and one</a></li></ul></div></div><div id="R_ch1" class="chapter component"><header><h2><span class="label">Chapter<span class="sep"> </span></span><span class="number">1<span class="sep">. </span></span>Testing formal group enumeration</h2></header><section id="R_ch1_s1" class="section"><header><h2><span class="number">1<span class="sep"> </span></span>With inherited numeration</h2></header><div id="R_ch1_s1_formalgroup1" class="formalgroup formalobject pgwide"><header><div class="title"><span class="label">Example<span class="sep"> </span></span><span class="number">1<span class="sep">.</span>1<span class="sep"> </span></span>One and two</div></header>


<div id="R_ch1_s1_formalgroup1_ex1" class="example formalobject"><p>This boring paragraph is the first example.</p><header><div class="title"><span class="label">Subexample<span class="sep"> </span></span><span class="number">1<span class="sep">.</span>1<span class="sep">.</span>1<span class="sep"> </span></span>Example one</div></header></div>
<div id="R_ch1_s1_formalgroup1_ex2" class="example formalobject"><p>This other boring paragraph is the second example.</p><header><div class="title"><span class="label">Subexample<span class="sep"> </span></span><span class="number">1<span class="sep">.</span>1<span class="sep">.</span>2<span class="sep"> </span></span>Example Two</div></header></div>

</div><p>This group isn’t “page wide”.</p><div id="R_ch1_s1_formalgroup2" class="formalgroup formalobject"><header><div class="title"><span class="label">Example<span class="sep"> </span></span><span class="number">1<span class="sep">.</span>2<span class="sep"> </span></span>Two and one</div></header>


<div id="R_ch1_s1_formalgroup2_ex1" class="example formalobject"><p>This other boring paragraph is the second example.</p><header><div class="title"><span class="label">Subexample<span class="sep"> </span></span><span class="number">1<span class="sep">.</span>2<span class="sep">.</span>1<span class="sep"> </span></span>Example Two</div></header></div>

<div id="R_ch1_s1_formalgroup2_ex2" class="example formalobject"><p>This boring paragraph is the first example.</p><header><div class="title"><span class="label">Subexample<span class="sep"> </span></span><span class="number">1<span class="sep">.</span>2<span class="sep">.</span>2<span class="sep"> </span></span>Example one</div></header></div>

</div></section></div></article></main><nav class="bottom"></nav></body></html>
