<!DOCTYPE html><html xmlns="http://www.w3.org/1999/xhtml" class="no-js"><head><meta http-equiv="Content-Type" content="text/html; charset=utf-8"/><title>Article wrapper</title><meta name="viewport" content="width=device-width, initial-scale=1.0"/><link href="https://purl.org/dc/elements/1.1/" rel="schema.dc"/><meta content="2011-04-22T17:02:00-06:00" name="dc.modified"/><meta content="DocBook xslTNG" name="generator"/><link href="./css/docbook.css" rel="stylesheet"/><link href="./css/docbook-screen.css" rel="stylesheet"/></head><body class="home"><nav class="top"></nav><main><article class="article"><header><h1>Article wrapper</h1></header><div id="t.other.note" lang="fr" class="admonition note other"><div><div class="icon">ðŸ›ˆï¸Ž</div><div class="body"><header><div class="title">Note Title</div></header><div><p>This is a note with a role of â€˜otherâ€™.</p></div></div></div></div></article></main><nav class="bottom"></nav></body></html>