<!DOCTYPE html><html xmlns="http://www.w3.org/1999/xhtml" class="no-js"><head><meta http-equiv="Content-Type" content="text/html; charset=utf-8"/><script>(function(H){H.className=H.className.replace(/\bno-js\b/,'js')})(document.documentElement)</script><title>Article wrapper</title><meta name="viewport" content="width=device-width, initial-scale=1.0"/><link href="https://purl.org/dc/elements/1.1/" rel="schema.dc"/><meta content="2011-04-22T17:02:00-06:00" name="dc.modified"/><meta content="DocBook xslTNG" name="generator"/><link href="./css/docbook.css" rel="stylesheet" media="screen"/><script src="./js/copy-verbatim.js" defer="defer"></script></head><body class="home"><nav class="top"></nav><main><article class="article component"><header><h1>Article wrapper</h1></header><p>This article tests <code class="tag tag-element">lineannotation</code>.</p><div class="pre-wrap"><pre class="screen verbatim verblines"><span class="line" db-line="1"><span class="ln">  <span class="nsep">|</span></span><span class="ld"><code>This is a</code></span></span>
<span class="line" db-line="2"><span class="ln">  <span class="nsep">|</span></span><span class="ld"><code>screen                  <span class="lineannotation">annotation 1</span></code></span></span>
<span class="line" db-line="3"><span class="ln">  <span class="nsep">|</span></span><span class="ld"><code>with several</code></span></span>
<span class="line" db-line="4"><span class="ln">  <span class="nsep">|</span></span><span class="ld"><code>lines that have no      <span class="lineannotation">annotation 2</span></code></span></span>
<span class="line" db-line="5"><span class="ln">  <span class="nsep">|</span></span><span class="ld"><code>particular meaning</code></span></span>
</pre></div></article></main><nav class="bottom"></nav></body></html>