<!DOCTYPE html><html xmlns="http://www.w3.org/1999/xhtml" class="no-js"><head><meta http-equiv="Content-Type" content="text/html; charset=utf-8"/><script>(function(H){H.className=H.className.replace(/\bno-js\b/,'js')})(document.documentElement)</script><title>Unit test: orderedlist.003.html</title><meta name="viewport" content="width=device-width, initial-scale=1.0"/><link href="https://purl.org/dc/elements/1.1/" rel="schema.dc"/><meta content="2011-04-22T17:02:00-06:00" name="dc.modified"/><meta content="DocBook xslTNG" name="generator"/><link href="./css/docbook.css" rel="stylesheet" media="screen"/></head><body class="home"><nav class="top"></nav><main><article class="article component"><header><h1>Unit test: orderedlist.003.html</h1></header><p>Test list continuation. And cross-references;
item “2”: <a href="#i2" class="xref xref-listitem"><span class="label">2</span></a>,
item “4”: <a href="#i4" class="xref xref-listitem"><span class="label">D</span></a>, and
item “5.3”: <a href="#i5.3" class="xref xref-listitem"><span class="label">E<span class="sep">.</span>c</span></a>.</p><ol class="orderedlist" type="1"><li><p class="simpara">First item</p></li><li id="i2"><p class="simpara">Second item</p></li><li><p class="simpara">Third item</p></li></ol><p>And then a break occurs...a break in my sanity, apparently,
because changing the numeration style across a “continues” break seems
really stupid. But this a unit test, after all. Stupid is
allowed.</p><ol class="orderedlist" start="4" type="A"><li id="i4"><p class="simpara">Fourth item</p></li><li><p class="simpara">Fifth item</p><ol class="orderedlist" type="a"><li><p class="simpara">Fifth/First item</p></li><li><p class="simpara">Fifth/Second item</p></li><li id="i5.3"><p class="simpara">Fifth/Third item</p></li></ol></li><li><p class="simpara">Sixth item</p></li></ol></article></main><nav class="bottom"></nav></body></html>