<!DOCTYPE html><html xmlns="http://www.w3.org/1999/xhtml" class="no-js"><head><meta http-equiv="Content-Type" content="text/html; charset=utf-8"/><script>(function(H){H.className=H.className.replace(/\bno-js\b/,'js')})(document.documentElement)</script><title>Unit Test: personname.001.xml</title><meta name="viewport" content="width=device-width, initial-scale=1.0"/><link href="https://purl.org/dc/elements/1.1/" rel="schema.dc"/><meta content="2011-04-22T17:02:00-06:00" name="dc.modified"/><meta content="DocBook xslTNG" name="generator"/><link href="./css/docbook.css" rel="stylesheet" media="screen"/></head><body class="home"><nav class="top"></nav><main><article id="article" class="article component"><header><h1>Unit Test: personname.001.xml</h1></header><p>The first-last style:
<span class="first-last personname"><span class="givenname">Norman</span> <span class="othername">David</span> <span class="surname">Walsh</span></span>.</p><p>The last-first style:
<span class="last-first personname"><span class="surname">Walsh</span>, <span class="givenname">Norman</span></span>.</p><p>The FAMILY-given style:
<span class="FAMILY-given personname"><span class="surname">WALSH</span> <span class="givenname">Norman</span> [FAMILY Given]</span>.</p></article></main><nav class="bottom"></nav></body></html>