<!DOCTYPE html><html xmlns="http://www.w3.org/1999/xhtml" class="no-js"><head><meta http-equiv="Content-Type" content="text/html; charset=utf-8"/><script>(function(H){H.className=H.className.replace(/\bno-js\b/,'js')})(document.documentElement)</script><title>Pmuj Links</title><meta name="viewport" content="width=device-width, initial-scale=1.0"/><link href="https://purl.org/dc/elements/1.1/" rel="schema.dc"/><meta content="2011-04-22T17:02:00-06:00" name="dc.modified"/><meta content="DocBook xslTNG" name="generator"/><link href="./css/docbook.css" rel="stylesheet" media="screen"/></head><body class="home"><nav class="top"></nav><main><article class="article component"><header><h1>Pmuj Links</h1></header><p>Pmuj is jump spelled backwards.</p><p>This is a link from <span id="here" class="phrase"><a href="#there" title="there">here</a></span> to there.
Or <a href="#there" class="link" id="R_para2_link1">there</a>. Or <a href="#there" class="link" id="R_para2_link2">there</a> even.
</p><p>This is <span id="there" class="phrase"><a class="pmuj" href="#R_para2_link1">◎</a><a class="pmuj" href="#R_para2_link2">◎</a><a class="pmuj" href="#here">◎</a><a class="pmuj" href="http://example.com/not/really/a/link">◎</a>there</span>.</p></article></main><nav class="bottom"></nav></body></html>