<!DOCTYPE html><html xmlns="http://www.w3.org/1999/xhtml" class="no-js"><head><meta http-equiv="Content-Type" content="text/html; charset=utf-8"/><script>(function(H){H.className=H.className.replace(/\bno-js\b/,'js')})(document.documentElement)</script><title>Article wrapper</title><meta name="viewport" content="width=device-width, initial-scale=1.0"/><link href="https://purl.org/dc/elements/1.1/" rel="schema.dc"/><meta content="2011-04-22T17:02:00-06:00" name="dc.modified"/><meta content="DocBook xslTNG" name="generator"/><link href="./css/docbook.css" rel="stylesheet" media="screen"/></head><body class="home"><nav class="top"></nav><main><article class="article component"><header><h1>Article wrapper</h1></header><p>This is a procedure.</p><div id="R_proc1" class="informalobject procedure"><ol class="procedure" type="1"><li class="step"><p>First step.</p></li><li class="step"><p>Seconds step.</p></li><li class="step"><p>Third step.</p></li></ol></div><p>This is a procedure with a designated result.</p><div id="R_proc2" class="informalobject procedure"><ol class="procedure" type="1"><li class="step"><p>First step.</p></li><li class="step"><p>Seconds step.</p></li><li class="step"><p>Third step.</p></li></ol><div class="result">
    <p>This is the expected result of the procedure: nothing happens.</p>
  </div></div></article></main><nav class="bottom"></nav></body></html>