<!DOCTYPE html><html xmlns="http://www.w3.org/1999/xhtml" class="no-js"><head><meta http-equiv="Content-Type" content="text/html; charset=utf-8"/><script>(function(H){H.className=H.className.replace(/\bno-js\b/,'js')})(document.documentElement)</script><title>Unit test: programlisting.008</title><meta name="viewport" content="width=device-width, initial-scale=1.0"/><link href="https://purl.org/dc/elements/1.1/" rel="schema.dc"/><meta content="2011-04-22T17:02:00-06:00" name="dc.modified"/><meta content="DocBook xslTNG" name="generator"/><link href="./css/docbook.css" rel="stylesheet"/><link href="./css/docbook-screen.css" rel="stylesheet" media="screen"/><link href="./css/docbook-page-setup.css" rel="stylesheet" media="print"/><link href="./css/docbook-paged.css" rel="stylesheet" media="print"/></head><body class="home"><nav class="top"></nav><main><article class="article component"><header><h1>Unit test: programlisting.008</h1></header><p>This test checks that the line numbering control PIs are handled
correctly.</p><div class="pre-wrap" db-startinglinenumber="1" db-numberoflines="16"><pre class="language-none long numbered programlisting verbatim verblines"><span class="line" db-line="1"><span class="ln">   <span class="nsep">|</span></span><span class="ld"><code>Line one</code></span></span>
<span class="line" db-line="2"><span class="ln"> 2 <span class="nsep">|</span></span><span class="ld"><code>Line two</code></span></span>
<span class="line" db-line="3"><span class="ln">   <span class="nsep">|</span></span><span class="ld"><code>Line three</code></span></span>
<span class="line" db-line="4"><span class="ln"> 4 <span class="nsep">|</span></span><span class="ld"><code>Line four</code></span></span>
<span class="line" db-line="5"><span class="ln">   <span class="nsep">|</span></span><span class="ld"><code>Line five</code></span></span>
<span class="line" db-line="6"><span class="ln"> 6 <span class="nsep">|</span></span><span class="ld"><code>Line six</code></span></span>
<span class="line" db-line="7"><span class="ln">   <span class="nsep">|</span></span><span class="ld"><code>Line seven</code></span></span>
<span class="line" db-line="8"><span class="ln"> 8 <span class="nsep">|</span></span><span class="ld"><code>Line eight</code></span></span>
<span class="line" db-line="9"><span class="ln">   <span class="nsep">|</span></span><span class="ld"><code>Line nine</code></span></span>
<span class="line" db-line="10"><span class="ln">10 <span class="nsep">|</span></span><span class="ld"><code>Line ten</code></span></span>
<span class="line" db-line="11"><span class="ln">   <span class="nsep">|</span></span><span class="ld"><code>Line eleven</code></span></span>
<span class="line" db-line="12"><span class="ln">12 <span class="nsep">|</span></span><span class="ld"><code>Line twelve</code></span></span>
<span class="line" db-line="13"><span class="ln">   <span class="nsep">|</span></span><span class="ld"><code>Line thirteen</code></span></span>
<span class="line" db-line="14"><span class="ln">14 <span class="nsep">|</span></span><span class="ld"><code>Line fourteen</code></span></span>
<span class="line" db-line="15"><span class="ln">   <span class="nsep">|</span></span><span class="ld"><code>Line fifteen</code></span></span>
<span class="line" db-line="16"><span class="ln">16 <span class="nsep">|</span></span><span class="ld"><code>Line sixteen</code></span></span>
</pre></div><div class="pre-wrap" db-startinglinenumber="1" db-numberoflines="9"><pre class="language-none numbered programlisting verbatim verblines"><span class="line" db-line="1"><span class="ln">  <span class="nsep">|</span></span><span class="ld"><code>Line one</code></span></span>
<span class="line" db-line="2"><span class="ln">  <span class="nsep">|</span></span><span class="ld"><code>Line two</code></span></span>
<span class="line" db-line="3"><span class="ln">  <span class="nsep">|</span></span><span class="ld"><code>Line three</code></span></span>
<span class="line" db-line="4"><span class="ln">  <span class="nsep">|</span></span><span class="ld"><code>Line four</code></span></span>
<span class="line" db-line="5"><span class="ln">  <span class="nsep">|</span></span><span class="ld"><code>Line five</code></span></span>
<span class="line" db-line="6"><span class="ln">  <span class="nsep">|</span></span><span class="ld"><code>Line six</code></span></span>
<span class="line" db-line="7"><span class="ln">  <span class="nsep">|</span></span><span class="ld"><code>Line seven</code></span></span>
<span class="line" db-line="8"><span class="ln">  <span class="nsep">|</span></span><span class="ld"><code>Line eight</code></span></span>
<span class="line" db-line="9"><span class="ln">  <span class="nsep">|</span></span><span class="ld"><code>Line nine</code></span></span>
</pre></div></article></main><nav class="bottom"></nav></body></html>