<!DOCTYPE html><html xmlns="http://www.w3.org/1999/xhtml" class="no-js"><head><meta http-equiv="Content-Type" content="text/html; charset=utf-8"/><script>(function(H){H.className=H.className.replace(/\bno-js\b/,'js')})(document.documentElement)</script><title>Unit Test: programlisting.004</title><meta name="viewport" content="width=device-width, initial-scale=1.0"/><link href="https://purl.org/dc/elements/1.1/" rel="schema.dc"/><meta content="2011-04-22T17:02:00-06:00" name="dc.modified"/><meta content="DocBook xslTNG" name="generator"/><link href="./css/docbook.css" rel="stylesheet"/><link href="./css/docbook-screen.css" rel="stylesheet" media="screen"/><link href="./css/docbook-page-setup.css" rel="stylesheet" media="print"/><link href="./css/docbook-paged.css" rel="stylesheet" media="print"/></head><body class="home"><nav class="top"></nav><main><article class="article component"><header><h1>Unit Test: programlisting.004</h1><div class="author"><h3><span class="first-last personname"><span class="firstname">St√©phane</span> <span class="surname">Bortzmeyer</span></span></h3></div></header><p>Testing footnote within programlisting.</p><div class="pre-wrap" db-startinglinenumber="1" db-numberoflines="4"><pre class="language-none numbered programlisting verbatim verblines"><span class="line" db-line="1"><span class="ln">  <span class="nsep">|</span></span><span class="ld"><code>      hostname RTA</code></span></span>
<span class="line" db-line="2"><span class="ln">  <span class="nsep">|</span></span><span class="ld"><code>      router ospf</code></span></span>
<span class="line" db-line="3"><span class="ln">  <span class="nsep">|</span></span><span class="ld"><code>          ospf router-id 192.134.7.241	<sup db-footnote="1" class="footnote-number" id="R_programlisting1_footnote1-fref"><a href="#R_programlisting1_footnote1-fnote">1</a></sup></code></span></span>
<span class="line" db-line="4"><span class="ln">  <span class="nsep">|</span></span><span class="ld"><code>          network 192.134.7.0/24 area 0</code></span></span>
</pre></div></article></main><footer><div class="footnotes"><hr/><div class="footnote" id="R_programlisting1_footnote1-fnote"><div class="footnote-number"><sup db-footnote="1" class="footnote-number"><a href="#R_programlisting1_footnote1-fref">1</a></sup></div><div class="footnote-body"><p>It is not
necessary to set the router ID.</p></div></div></div></footer><nav class="bottom"></nav></body></html>