<!DOCTYPE html><html xmlns="http://www.w3.org/1999/xhtml" class="no-js"><head><meta http-equiv="Content-Type" content="text/html; charset=utf-8"/><script>(function(H){H.className=H.className.replace(/\bno-js\b/,'js')})(document.documentElement)</script><title>Article wrapper</title><meta name="viewport" content="width=device-width, initial-scale=1.0"/><link href="https://purl.org/dc/elements/1.1/" rel="schema.dc"/><meta content="2011-04-22T17:02:00-06:00" name="dc.modified"/><meta content="DocBook xslTNG" name="generator"/><link href="./css/docbook.css" rel="stylesheet" media="screen"/><script src="./js/copy-verbatim.js" defer="defer"></script></head><body class="home"><nav class="top"></nav><main><article class="article component"><header><h1>Article wrapper</h1></header><div class="pre-wrap" db-startinglinenumber="1" db-numberoflines="7"><pre class="language-none long numbered programlisting verbatim verblines"><span class="line" db-line="1"><span class="ln">1 <span class="nsep">|</span></span><span class="ld"><code>ProgramListing: This is a test</code></span></span>
<span class="line" db-line="2"><span class="ln">  <span class="nsep">|</span></span><span class="ld"><code>  Only a test.</code></span></span>
<span class="line" db-line="3"><span class="ln">  <span class="nsep">|</span></span><span class="ld"><code>Had this been a real emegency,</code></span></span>
<span class="line" db-line="4"><span class="ln">  <span class="nsep">|</span></span><span class="ld"><code>  We would have fled in terror</code></span></span>
<span class="line" db-line="5"><span class="ln">5 <span class="nsep">|</span></span><span class="ld"><code>And you would not have been informed.</code></span></span>
<span class="line" db-line="6"><span class="ln">  <span class="nsep">|</span></span><span class="ld"><code> </code></span></span>
<span class="line" db-line="7"><span class="ln">  <span class="nsep">|</span></span><span class="ld"><code>Foo &lt;Bar&gt;</code></span></span>
</pre></div></article></main><nav class="bottom"></nav></body></html>