<!DOCTYPE html><html xmlns="http://www.w3.org/1999/xhtml" class="no-js"><head><meta http-equiv="Content-Type" content="text/html; charset=utf-8"/><script>(function(H){H.className=H.className.replace(/\bno-js\b/,'js')})(document.documentElement)</script><title>Article wrapper</title><meta name="viewport" content="width=device-width, initial-scale=1.0"/><link href="https://purl.org/dc/elements/1.1/" rel="schema.dc"/><meta content="2011-04-22T17:02:00-06:00" name="dc.modified"/><meta content="DocBook xslTNG" name="generator"/><link href="./css/docbook.css" rel="stylesheet" media="screen"/><script src="./js/copy-verbatim.js" defer="defer"></script></head><body class="home"><nav class="top"></nav><main><article class="article component"><header><h1>Article wrapper</h1></header><div id="R_qandaset1" class="qandaset"><header><div class="title">QandA Title</div></header><ul class="toc"><li><a href="#R_qandaset1_qandadiv1"><span class="label">1</span><span class="sep">. </span>Division 1</a><ul><li><a href="#R_qandaset1_qandadiv1_qandaentry1"><span class="label">1.1</span><span class="sep">. </span>Blah blah blah.</a></li></ul></li><li><a href="#R_qandaset1_qandadiv2"><span class="label">2</span><span class="sep">. </span>Division 2</a></li></ul><p>Some introductory preamble. Some introductory preamble.
Some introductory preamble. Some introductory preamble.
Some introductory preamble. Some introductory preamble.
Some introductory preamble. Some introductory preamble.</p><p>Some introductory preamble. Some introductory preamble.
Some introductory preamble. Some introductory preamble.
Some introductory preamble. Some introductory preamble.
Some introductory preamble. Some introductory preamble.</p><div id="R_qandaset1_qandadiv1" class="qandadiv"><header><div class="title">Division 1</div></header><div class="qandalist"><div id="R_qandaset1_qandadiv1_qandaentry1" class="qandaentry"><div class="qanda"><div id="R_qandaset1_qandadiv1_qandaentry1_question1" class="question"><div class="label">1.1. </div><div class="body"><p>Blah blah blah.</p></div></div><div id="R_qandaset1_qandadiv1_qandaentry1_answer1" class="answer"><div class="label"></div><div class="body"><div id="R_qandaset1_qandadiv1_qandaentry1_answer1_ex1" class="example formalobject"><div class="pre-wrap" db-startinglinenumber="1" db-numberoflines="1"><pre class="language-none numbered programlisting verbatim verblines"><span class="line" db-line="1"><span class="ln">  <span class="nsep">|</span></span><span class="ld"><code>// Hello, World</code></span></span>
</pre></div><header><div class="title">Example <span class="label">1</span><span class="sep">. </span>
                     <code class="filename">file.name</code>
                  </div></header></div><div id="R_qandaset1_qandadiv1_qandaentry1_answer1_ex2" class="example formalobject"><div class="pre-wrap" db-startinglinenumber="1" db-numberoflines="1"><pre class="language-none numbered programlisting verbatim verblines"><span class="line" db-line="1"><span class="ln">  <span class="nsep">|</span></span><span class="ld"><code>// Goodbye, World</code></span></span>
</pre></div><header><div class="title">Example <span class="label">2</span><span class="sep">. </span>
                     <code class="filename">file2.name</code>
                  </div></header></div></div></div></div></div></div></div><div id="R_qandaset1_qandadiv2" class="qandadiv"><header><div class="title">Division 2</div></header><p>Some introductory preamble. Some introductory preamble.
Some introductory preamble. Some introductory preamble.
Some introductory preamble. Some introductory preamble.
Some introductory preamble. Some introductory preamble.</p><p>Some introductory preamble. Some introductory preamble.
Some introductory preamble. Some introductory preamble.
Some introductory preamble. Some introductory preamble.
Some introductory preamble. Some introductory preamble.</p><div id="R_qandaset1_qandadiv2_qandadiv1" class="qandadiv"><header><div class="title">Division 2.1</div></header><div class="qandalist"><div id="R_qandaset1_qandadiv2_qandadiv1_qandaentry1" class="qandaentry"><div class="qanda"><div id="R_qandaset1_qandadiv2_qandadiv1_qandaentry1_question1" class="question"><div class="label">2.1.1. </div><div class="body"><p>Blah blah blah.</p></div></div><div id="R_qandaset1_qandadiv2_qandadiv1_qandaentry1_answer1" class="answer"><div class="label"></div><div class="body"><div id="R_qandaset1_qandadiv2_qandadiv1_qandaentry1_answer1_ex1" class="example formalobject"><div class="pre-wrap" db-startinglinenumber="1" db-numberoflines="1"><pre class="language-none numbered programlisting verbatim verblines"><span class="line" db-line="1"><span class="ln">  <span class="nsep">|</span></span><span class="ld"><code>// Hello, World</code></span></span>
</pre></div><header><div class="title">Example <span class="label">1</span><span class="sep">. </span>
                        <code class="filename">file.name</code>
                     </div></header></div><div id="R_qandaset1_qandadiv2_qandadiv1_qandaentry1_answer1_ex2" class="example formalobject"><div class="pre-wrap" db-startinglinenumber="1" db-numberoflines="1"><pre class="language-none numbered programlisting verbatim verblines"><span class="line" db-line="1"><span class="ln">  <span class="nsep">|</span></span><span class="ld"><code>// Goodbye, World</code></span></span>
</pre></div><header><div class="title">Example <span class="label">2</span><span class="sep">. </span>
                        <code class="filename">file2.name</code>
                     </div></header></div></div></div></div></div></div></div><div id="R_qandaset1_qandadiv2_qandadiv2" class="qandadiv"><header><div class="title">Division 2.2</div></header><div class="qandalist"><div id="R_qandaset1_qandadiv2_qandadiv2_qandaentry1" class="qandaentry"><div class="qanda"><div id="R_qandaset1_qandadiv2_qandadiv2_qandaentry1_question1" class="question"><div class="label">2.2.1. </div><div class="body"><p>Blah blah blah.</p></div></div><div id="R_qandaset1_qandadiv2_qandadiv2_qandaentry1_answer1" class="answer"><div class="label"></div><div class="body"><div id="R_qandaset1_qandadiv2_qandadiv2_qandaentry1_answer1_ex1" class="example formalobject"><div class="pre-wrap" db-startinglinenumber="1" db-numberoflines="1"><pre class="language-none numbered programlisting verbatim verblines"><span class="line" db-line="1"><span class="ln">  <span class="nsep">|</span></span><span class="ld"><code>// Hello, World</code></span></span>
</pre></div><header><div class="title">Example <span class="label">1</span><span class="sep">. </span>
                        <code class="filename">file.name</code>
                     </div></header></div><div id="R_qandaset1_qandadiv2_qandadiv2_qandaentry1_answer1_ex2" class="example formalobject"><div class="pre-wrap" db-startinglinenumber="1" db-numberoflines="1"><pre class="language-none numbered programlisting verbatim verblines"><span class="line" db-line="1"><span class="ln">  <span class="nsep">|</span></span><span class="ld"><code>// Goodbye, World</code></span></span>
</pre></div><header><div class="title">Example <span class="label">2</span><span class="sep">. </span>
                        <code class="filename">file2.name</code>
                     </div></header></div></div></div></div></div></div></div></div></div></article></main><nav class="bottom"></nav></body></html>