<!DOCTYPE html><html xmlns="http://www.w3.org/1999/xhtml" class="no-js"><head><meta http-equiv="Content-Type" content="text/html; charset=utf-8"/><script>(function(H){H.className=H.className.replace(/\bno-js\b/,'js')})(document.documentElement)</script><title>Unit Test: refentry.007</title><meta name="viewport" content="width=device-width, initial-scale=1.0"/><link href="https://purl.org/dc/elements/1.1/" rel="schema.dc"/><meta content="2011-04-22T17:02:00-06:00" name="dc.modified"/><meta content="DocBook xslTNG" name="generator"/><link href="./css/docbook.css" rel="stylesheet"/><link href="./css/docbook-screen.css" rel="stylesheet" media="screen"/><link href="./css/docbook-page-setup.css" rel="stylesheet" media="print"/><link href="./css/docbook-paged.css" rel="stylesheet" media="print"/></head><body class="home"><nav class="top"></nav><main><article class="book division"><header><h1>Unit Test: refentry.007</h1><div class="author"><h3><span class="first-last personname"><span class="firstname">Norman</span> <span class="surname">Walsh</span></span></h3></div></header><div class="list-of-titles"><div class="lot toc"><div class="title">Table of Contents</div><ul class="toc"><li><a href="#R_ref1"><span class="number">I<span class="sep">. </span></span>Reference</a><ul class="toc"><li><span class="refentrytitle"><a href="#R_ref1_re1"><span class="refname">FirstName</span></a></span><span class="refpurpose"><span class="refpurpose-sep"> — </span><span class="refpurpose-text">Purpose for FirstName</span></span></li></ul></li></ul></div></div><article id="R_ref1" class="division reference"><header><h1><span class="number">I<span class="sep">. </span></span>Reference</h1></header><div id="R_ref1_re1" class="component refentry"><div class="refnamediv"><h2>Name</h2><p><span class="refname">FirstName</span><span class="refname-sep">, </span><span class="refname">SecondName</span><span class="refpurpose"><span class="refpurpose-sep"> — </span><span class="refpurpose-text">Purpose for FirstName</span><span class="refpurpose-punc">.</span></span></p><p><span class="refname">ThirdName</span><span class="refpurpose"><span class="refpurpose-sep"> — </span><span class="refpurpose-text">Purpose for ThirdName</span><span class="refpurpose-punc">.</span></span></p></div><div class="refsynopsisdiv"><h2>Synopsis</h2><div class="funcsynopsis"><div class="pre-wrap"><pre class="funcsynopsisinfo verbatim"><code>#include &lt;varargs.h&gt;
#include &lt;mouteyh.h&gt;
#include &lt;qlmppzj.h&gt;</code></pre></div><div class="funcprototype"><div><span class="funcdef"><span class="type">float</span> <span class="function">rand</span></span><span class="arglist">(<span class="void"></span>);</span></div></div><div class="funcprototype"><div><span class="funcdef">int <span class="function">max</span></span><span class="arglist">(<span class="varargs">...</span>);</span></div></div><div class="funcprototype"><div><span class="funcdef">int <span class="function">idiv</span></span><span class="arglist">(<span><span class="parameter">n</span><span>, </span></span><span><span class="parameter">m</span></span>);</span></div><div class="paramdef"><span class="type">int</span> <span class="parameter">n</span>;</div><div class="paramdef"><span class="type">int</span> <span class="parameter">m</span>;</div></div></div><p>Another.</p><div class="funcsynopsis"><div class="funcprototype"><table class="prototype"><tbody><tr><td><span class="funcdef">void <span class="function">qsort</span></span>(</td><td class="paramdef"><span class="parameter">dataptr</span>,</td></tr><tr><td rowspan="3"></td><td class="paramdef"><span class="parameter">left</span>,</td></tr><tr><td class="paramdef"><span class="parameter">right</span>,</td></tr><tr><td class="paramdef"><span class="parameter">comp</span>);</td></tr></tbody></table><table class="params"><tbody><tr class="paramdef"><td>void *</td><td><span class="parameter">dataptr</span>[]</td></tr><tr class="paramdef"><td>int </td><td><span class="parameter">left</span></td></tr><tr class="paramdef"><td>int </td><td><span class="parameter">right</span></td></tr><tr class="paramdef"><td>int (*<span class="parameter">comp</span>)
      </td><td>(<span class="funcparams">void *, void *</span>)</td></tr></tbody></table></div></div><div class="funcsynopsis"><div class="funcprototype"><table class="prototype"><tbody><tr><td><span class="funcdef">int <span class="function">foo_frob_something</span></span>(</td><td class="paramdef"><span class="parameter">foo_frob_parm1</span>,</td></tr><tr><td rowspan="4"></td><td class="paramdef"><span class="parameter">foo_frob_parm2</span>,</td></tr><tr><td class="paramdef"><span class="parameter">foo_frob_parm3</span>,</td></tr><tr><td class="paramdef"><span class="parameter">parm4</span>,</td></tr><tr><td class="paramdef"><span class="parameter">foo_frob_parm5</span>);</td></tr></tbody></table><table class="params"><tbody><tr class="paramdef"><td>foo_sometype1 </td><td><span class="parameter">foo_frob_parm1</span></td></tr><tr class="paramdef"><td>foo_sometype1 </td><td><span class="parameter">foo_frob_parm2</span></td></tr><tr class="paramdef"><td>foo_sometype1 </td><td><span class="parameter">foo_frob_parm3</span></td></tr><tr class="paramdef"><td><span class="type">int</span>  (* <span class="parameter">parm4</span> )
      </td><td>(<span class="funcparams">int a, int b, int c</span>)</td></tr><tr class="paramdef"><td>foo_sometype1 </td><td><span class="parameter">foo_frob_parm5</span></td></tr></tbody></table></div><div class="funcprototype"><table class="prototype"><tbody><tr><td><span class="funcdef">int <span class="function">foo_frob_something</span></span>(</td><td class="paramdef"><span class="parameter">foo_frob_parm1</span>,</td></tr><tr><td rowspan="4"></td><td class="paramdef"><span class="parameter">foo_frob_parm2</span>,</td></tr><tr><td class="paramdef"><span class="parameter">foo_frob_parm3</span>,</td></tr><tr><td class="paramdef"><span class="parameter">parm4</span>,</td></tr><tr><td class="paramdef"><span class="parameter">foo_frob_parm5</span>);</td></tr></tbody></table><table class="params"><tbody><tr class="paramdef"><td>foo_sometype1 </td><td><span class="parameter">foo_frob_parm1</span></td></tr><tr class="paramdef"><td>foo_sometype1 </td><td><span class="parameter">foo_frob_parm2</span></td></tr><tr class="paramdef"><td>foo_sometype1 </td><td><span class="parameter">foo_frob_parm3</span></td></tr><tr class="paramdef"><td><span class="type">int</span>  (* <span class="parameter">parm4</span> )
      </td><td>(<span class="funcparams">int a, int b, int c</span>)</td></tr><tr class="paramdef"><td>foo_sometype1 </td><td><span class="parameter">foo_frob_parm5</span></td></tr></tbody></table></div></div></div><div id="R_ref1_re1_rs11" class="refsect1"><header><h2>Description</h2></header><p>This is a minimal RefEntry.</p><p>The following is a Variablelist with a title.
<div class="variablelist"><header><div class="title">My variablelist</div></header><dl class="variablelist"><dt class="varlistentry"><span class="term">varlistentry term 1</span></dt><dd><p>some listitem text</p></dd><dt class="varlistentry"><span class="term">varlistentry term 2</span></dt><dd><p>some more listitem text</p></dd></dl></div>
            </p><div id="R_ref1_re1_rs11_rs21" class="refsect2"><header><h3>Subsection</h3></header><p>This is a minimal RefEntry.</p><p>The following is a glosslist with a title and a nested variablelist

  <div class="glosslist"><header><div class="title">My glosslist</div></header><dl class="glosslist"><dt id="R_ref1_re1_rs11_rs21_para2_glosslist1_ge1" class="glossentry"><span class="glossterm">glossentry term 1</span></dt><dd class="glossdef"><p>some glossdef text</p></dd><dt id="R_ref1_re1_rs11_rs21_para2_glosslist1_ge2" class="glossentry"><span class="glossterm">glossentry term 2</span></dt><dd class="glossdef"><dl class="long-terms variablelist"><dt class="varlistentry"><span class="term">nested variablelist term 1</span></dt><dd><p>some variablelist text</p></dd><dt class="varlistentry"><span class="term">nested variablelist term 2</span></dt><dd><p>some more variablelist text</p></dd></dl></dd></dl></div>
               </p><div id="R_ref1_re1_rs11_rs21_rs31" class="refsect3"><header><h4>Sub-subsection</h4></header><p>This is a minimal RefEntry.</p></div></div></div><div id="R_ref1_re1_rs12" class="refsect1"><header><h2>More Description</h2></header><p>This is a not-so minimal RefEntry.</p><div class="pre-wrap"><pre class="screen verbatim verblines"><span class="line" db-line="1"><span class="ln">  <span class="nsep">|</span></span><span class="ld"><code>This is a screen [break here]</code></span></span>
<span class="line" db-line="2"><span class="ln">  <span class="nsep">|</span></span><span class="ld"><code>that starts with a line of space. [break here]</code></span></span>
<span class="line" db-line="3"><span class="ln">  <span class="nsep">|</span></span><span class="ld"><code>And it ends with a line of space.</code></span></span>
</pre></div><p>normal paragraph here</p><div class="pre-wrap"><pre class="screen verbatim verblines"><span class="line" db-line="1"><span class="ln">  <span class="nsep">|</span></span><span class="ld"><code>This is a screen [break here]</code></span></span>
<span class="line" db-line="2"><span class="ln">  <span class="nsep">|</span></span><span class="ld"><code>that does not start with a line of space. [break here]</code></span></span>
<span class="line" db-line="3"><span class="ln">  <span class="nsep">|</span></span><span class="ld"><code>And does not end with a line of space.</code></span></span>
</pre></div><p>This is a normal paragraph that contains a screen.
<div class="pre-wrap"><pre class="screen verbatim verblines"><span class="line" db-line="1"><span class="ln">  <span class="nsep">|</span></span><span class="ld"><code>This is a screen within a normal paragraph [break here]</code></span></span>
<span class="line" db-line="2"><span class="ln">  <span class="nsep">|</span></span><span class="ld"><code>that does not start with a line of space. [break here]</code></span></span>
<span class="line" db-line="3"><span class="ln">  <span class="nsep">|</span></span><span class="ld"><code>And does not end with a line of space but is followed</code></span></span>
<span class="line" db-line="4"><span class="ln">  <span class="nsep">|</span></span><span class="ld"><code>by a line of space.</code></span></span>
</pre></div>
            </p><p>This is another  normal paragraph that contains a screen.
<div class="pre-wrap"><pre class="screen verbatim verblines"><span class="line" db-line="1"><span class="ln">  <span class="nsep">|</span></span><span class="ld"><code>This is a screen within a normal paragraph [break here]</code></span></span>
<span class="line" db-line="2"><span class="ln">  <span class="nsep">|</span></span><span class="ld"><code>that does not start with a line of space. [break here]</code></span></span>
<span class="line" db-line="3"><span class="ln">  <span class="nsep">|</span></span><span class="ld"><code>And does not end with a line of space and is not followed</code></span></span>
<span class="line" db-line="4"><span class="ln">  <span class="nsep">|</span></span><span class="ld"><code>by a line of space.</code></span></span>
</pre></div>
            </p><p>This is another  normal paragraph that contains a screen.
<div class="pre-wrap"><pre class="screen verbatim verblines"><span class="line" db-line="1"><span class="ln">  <span class="nsep">|</span></span><span class="ld"><code>This is a screen within a normal paragraph [break here]</code></span></span>
<span class="line" db-line="2"><span class="ln">  <span class="nsep">|</span></span><span class="ld"><code>that starts with a line of space. [break here]</code></span></span>
<span class="line" db-line="3"><span class="ln">  <span class="nsep">|</span></span><span class="ld"><code>And ends with a line of space but is not followed by a line of space.</code></span></span>
</pre></div>
            </p><p>This is another  normal paragraph that contains a screen.
<div class="pre-wrap"><pre class="screen verbatim verblines"><span class="line" db-line="1"><span class="ln">  <span class="nsep">|</span></span><span class="ld"><code>This is a screen within a normal paragraph [break here]</code></span></span>
<span class="line" db-line="2"><span class="ln">  <span class="nsep">|</span></span><span class="ld"><code>that starts with a line of space. [break here]</code></span></span>
<span class="line" db-line="3"><span class="ln">  <span class="nsep">|</span></span><span class="ld"><code>And ends with a line of space and is followed by a line of space.</code></span></span>
</pre></div>
            </p><p>This is another  normal paragraph that contains a screen.
<div class="pre-wrap"><pre class="screen verbatim verblines"><span class="line" db-line="1"><span class="ln">  <span class="nsep">|</span></span><span class="ld"><code> </code></span></span>
<span class="line" db-line="2"><span class="ln">  <span class="nsep">|</span></span><span class="ld"><code> </code></span></span>
<span class="line" db-line="3"><span class="ln">  <span class="nsep">|</span></span><span class="ld"><code>This is a screen within a normal paragraph [break here]</code></span></span>
<span class="line" db-line="4"><span class="ln">  <span class="nsep">|</span></span><span class="ld"><code>that starts with a 2 lines of space. [break here]</code></span></span>
<span class="line" db-line="5"><span class="ln">  <span class="nsep">|</span></span><span class="ld"><code>And ends with 3 lines of space and is followed by a line of space.</code></span></span>
<span class="line" db-line="6"><span class="ln">  <span class="nsep">|</span></span><span class="ld"><code> </code></span></span>
<span class="line" db-line="7"><span class="ln">  <span class="nsep">|</span></span><span class="ld"><code> </code></span></span>
<span class="line" db-line="8"><span class="ln">  <span class="nsep">|</span></span><span class="ld"><code> </code></span></span>
</pre></div>
            </p><p>This paragraph contains an orderedlist with a title. The title
is “Mrignkwolmcng”.
<div class="orderedlist"><header><div class="title">Mrignkwolmcng</div></header><ol type="1"><li><p>itemizedlist listitem 1</p></li><li><p>itemizedlist listitem 2</p></li></ol></div>

This is some useless text that follows the “Mrignkwolmcng” orderedlist
in the same para.</p><p>The following is a Variablelist with a title and with a nested itemizedlist.
<div class="variablelist"><header><div class="title">My variablelist</div></header><dl class="variablelist"><dt class="varlistentry"><span class="term">varlistentry term 1</span></dt><dd><div class="itemizedlist"><header><div class="title">nested itemizedlist</div></header><ul><li><p>itemizedlist listitem 1</p></li><li><p>itemizedlist listitem 2</p></li></ul></div></dd><dt class="varlistentry"><span class="term">varlistentry term 2</span></dt><dd><p>some more listitem text</p></dd></dl></div>
            </p><p>The following is a Variablelist with a title and with a
nested Varlistentry that contains multiple Terms
<div class="variablelist"><header><div class="title">My nested-multi-term-per-varlistentry variablelist</div></header><dl class="variablelist"><dt class="varlistentry"><span class="term">Varlistentry term 1</span></dt><dd><dl class="long-terms variablelist"><dt class="varlistentry"><span class="term">  varlistentry term 1.1</span>, <span class="term">varlistentry term 1.2  </span>, <span class="term">varlistentry         term 1.3</span></dt><dd><p>All 'bout terms 1.1, 1.2, and 1.3</p></dd></dl></dd><dt class="varlistentry"><span class="term">varlistentry term 2</span></dt><dd><p>some more listitem text</p></dd></dl></div>
            </p><div id="R_ref1_re1_rs12_rs21" class="refsect2"><header><h3>Subsection</h3></header><p>This is a minimal RefEntry.</p></div></div><div id="R_ref1_re1_rs13" class="refsect1"><header><h2>Even More Description</h2></header><p>This is an even less minimal RefEntry.</p><p>This is a paragraph. It contains the following segmentedlist,
titled “Gibbererish”, with several segtitle elements.
<div class="segmentedlist"><header><div class="title">Gibbererish</div></header><table><thead class="segtitles"><tr><th class="segtitle">Floober</th><th class="segtitle">Buugler</th><th class="segtitle">Sstangooo</th><th class="segtitle">Borobinda</th></tr></thead><tbody><tr class="seglistitem"><td class="seg">Bamalalaboonda Bamalalaboonda Bamalalaboonda Bamalalaboonda Bamalalaboonda Bamalalaboonda</td><td class="seg">Mondorotoluafu</td><td class="seg">Ganafutralinga</td><td class="seg">Patagularamakundra</td></tr><tr class="seglistitem"><td class="seg">Cadraracondar</td><td class="seg">Hentirotomaambu</td><td class="seg">BdomentriolaiaBdomentriolaiaBdomentriolaia</td><td class="seg">Candamalaturuanio</td></tr></tbody></table></div>
This is some text that follows the segementedlist within the same
paragraph. The next part of this same paragraph is an
<code class="tag tag-element">important</code> admonition.
<div class="admonition important"><div><div class="icon">☝︎</div><div class="body"><header><div class="title">Important</div></header><div><p>It is very important that you read this. That’s why it stands
  out the way that it does.</p></div></div></div></div>
            </p><p>This is a para with a footnote
  <sup id="R_ref1_re1_rs13_para3_footnote1-fref" db-footnote="1" class="footnote-number"><a href="#R_ref1_re1_rs13_para3_footnote1-fnote">1</a></sup>
    and stuff after the
footnote.</p></div></div></article></article></main><footer><div class="footnotes"><hr/><div class="footnote" id="R_ref1_re1_rs13_para3_footnote1-fnote"><div class="footnote-number"><sup db-footnote="1" class="footnote-number"><a href="#R_ref1_re1_rs13_para3_footnote1-fref">1</a></sup></div><div class="footnote-body"><p>Stuff here <div class="pre-wrap" db-startinglinenumber="1" db-numberoflines="2"><pre class="language-none numbered programlisting verbatim verblines"><span class="line" db-line="1"><span class="ln">  <span class="nsep">|</span></span><span class="ld"><code>This is a program listing</code></span></span>
<span class="line" db-line="2"><span class="ln">  <span class="nsep">|</span></span><span class="ld"><code>that's two lines long.</code></span></span>
</pre></div>
                  </p></div></div></div></footer><nav class="bottom"></nav></body></html>