<!DOCTYPE html><html xmlns="http://www.w3.org/1999/xhtml" class="no-js"><head><meta http-equiv="Content-Type" content="text/html; charset=utf-8"/><script>(function(H){H.className=H.className.replace(/\bno-js\b/,'js')})(document.documentElement)</script><title>Unit Test: refentry.010</title><meta name="viewport" content="width=device-width, initial-scale=1.0"/><link href="https://purl.org/dc/elements/1.1/" rel="schema.dc"/><meta content="2011-04-22T17:02:00-06:00" name="dc.modified"/><meta content="DocBook xslTNG" name="generator"/><link href="./css/docbook.css" rel="stylesheet" media="screen"/></head><body class="home"><nav class="top"></nav><main><article class="article component"><header><h1>Unit Test: refentry.010</h1></header><section id="ls" class="component refentry"><div id="ls_refnamediv1" class="refnamediv"><header><h2>Name</h2></header><p><span class="refname">ls</span><span class="refpurpose"><span class="refpurpose-sep"> — </span><span class="refpurpose-text">list contents of a directory</span><span class="refpurpose-punc">.</span></span></p></div><section id="ls_refsynopsisdiv1" class="refsynopsisdiv"><header><h2>Synopsis</h2></header><div class="cmdsynopsis"><code class="command">/usr/bin/ls</code> <span class="cmdpunct">[</span><span class="arg">
        <code class="option">aAbcCdfFgilLmnopqrRstux1</code>
      </span><span class="cmdpunct">]</span> <span class="cmdpunct">[</span><span class="arg">file</span><span class="cmdpunct">…</span><span class="cmdpunct">]</span></div></section><section id="ls_rs11" class="refsect1"><header><h2>Description</h2></header><p>For each file that is a directory, <code class="command">ls</code>
  lists the contents of the directory; for each file that is an
  ordinary file, <code class="command">ls</code> repeats its name and any
  other information requested.
  </p><p>…</p></section></section></article></main><nav class="bottom"></nav></body></html>