<!DOCTYPE html><html xmlns="http://www.w3.org/1999/xhtml" class="no-js"><head><meta http-equiv="Content-Type" content="text/html; charset=utf-8"/><script>(function(H){H.className=H.className.replace(/\bno-js\b/,'js')})(document.documentElement)</script><title>Unit Test: set.001</title><meta name="viewport" content="width=device-width, initial-scale=1.0"/><link href="https://purl.org/dc/elements/1.1/" rel="schema.dc"/><meta content="2011-04-22T17:02:00-06:00" name="dc.modified"/><meta content="DocBook xslTNG" name="generator"/><link href="./css/docbook.css" rel="stylesheet" media="screen"/></head><body class="home"><nav class="top"></nav><main><article class="division set"><header><h1>Unit Test: set.001</h1><div class="author"><h3><span class="first-last personname"><span class="firstname">Norman</span> <span class="surname">Walsh</span></span></h3></div><p class="releaseinfo"><span class="CVS releaseinfo">$Id: set.001.xml 4056 2004-11-23 13:28:50Z nwalsh $</span></p></header><div class="list-of-titles"><div class="lot toc"><div class="title">Table of Contents</div><ul class="toc"><li><a href="#R_bo1">First Book</a><ul class="toc"><li><a href="#R_bo1_ch1"><span class="label">1</span><span class="sep">. </span>Chapter</a></li></ul></li><li><a href="#R_bo2">Second Book</a><ul class="toc"><li><a href="#R_bo2_ch1"><span class="label">1</span><span class="sep">. </span>Chapter</a></li></ul></li><li><a href="#R_bo3">Third Book</a><ul class="toc"><li><a href="#R_bo3_ch1"><span class="label">1</span><span class="sep">. </span>Chapter</a></li></ul></li></ul></div></div><article id="R_bo1" class="book division"><header><h1>First Book</h1></header><section id="R_bo1_ch1" class="chapter component"><header><h2>Chapter <span class="label">1</span><span class="sep">. </span>Chapter</h2></header><p>Some test data</p></section></article><article id="R_bo2" class="book division"><header><h1>Second Book</h1></header><section id="R_bo2_ch1" class="chapter component"><header><h2>Chapter <span class="label">1</span><span class="sep">. </span>Chapter</h2></header><p>Some test data</p></section></article><article id="R_bo3" class="book division"><header><h1>Third Book</h1></header><section id="R_bo3_ch1" class="chapter component"><header><h2>Chapter <span class="label">1</span><span class="sep">. </span>Chapter</h2></header><p>Some test data</p></section></article></article></main><nav class="bottom"></nav></body></html>