<!DOCTYPE html><html xmlns="http://www.w3.org/1999/xhtml" class="no-js"><head><meta http-equiv="Content-Type" content="text/html; charset=utf-8"/><script>(function(H){H.className=H.className.replace(/\bno-js\b/,'js')})(document.documentElement)</script><title>Article wrapper</title><meta name="viewport" content="width=device-width, initial-scale=1.0"/><link href="https://purl.org/dc/elements/1.1/" rel="schema.dc"/><meta content="2011-04-22T17:02:00-06:00" name="dc.modified"/><meta content="DocBook xslTNG" name="generator"/><link href="./css/docbook.css" rel="stylesheet"/><link href="./css/docbook-screen.css" rel="stylesheet" media="screen"/><link href="./css/docbook-page-setup.css" rel="stylesheet" media="print"/><link href="./css/docbook-paged.css" rel="stylesheet" media="print"/></head><body class="home"><nav class="top"></nav><main><article class="article component"><header><h1>Article wrapper</h1></header><p>The stamp image has a natural size of 200x128 pixels.</p><div class="mediaobject"><div class="imageobject"><div class="media"><img src="media/stamp.png"/></div></div></div><p>The stamp image: width=7.12cm; depth=7.12cm; scale=125; align=center</p><div class="mediaobject" summary="The DocBook Stamp"><div class="imageobject"><div class="media"><span class="viewport-table" style="width:269px;height:269px;background-color:blue;"><span class="viewport-row"><span class="viewport-cell" style="text-align:center;vertical-align:middle;"><span class="viewport"><img src="media/stamp.png" alt="The DocBook Stamp" style="width:250px;"/></span></span></span></span></div></div></div><p>The stamp image: width=512; depth=512; contentwidth=50%; contentdepth=30%; align=center</p><div class="mediaobject" summary="The DocBook Stamp"><div class="imageobject"><div class="media"><span class="viewport-table" style="width:512px;height:512px;background-color:blue;"><span class="viewport-row"><span class="viewport-cell" style="text-align:center;vertical-align:middle;"><span class="viewport"><img src="media/stamp.png" alt="The DocBook Stamp" style="width:100px;height:38px;"/></span></span></span></span></div></div></div><p>The stamp image: width=512; depth=400; contentwidth=500; contentdepth=300; align=left valign=top</p><div class="mediaobject" summary="The DocBook Stamp"><div class="imageobject"><div class="media"><span class="viewport-table" style="width:512px;height:400px;background-color:blue;"><span class="viewport-row"><span class="viewport-cell" style="text-align:left;vertical-align:top;"><span class="viewport"><img src="media/stamp.png" alt="The DocBook Stamp" style="width:500px;height:300px;"/></span></span></span></span></div></div></div><p>The stamp image: depth=400; contentwidth=500; contentdepth=300; align=left valign=top</p><div class="mediaobject" summary="The DocBook Stamp"><div class="imageobject"><div class="media"><span class="viewport-table" style="height:400px;background-color:blue;"><span class="viewport-row"><span class="viewport-cell" style="text-align:left;vertical-align:top;"><span class="viewport"><img src="media/stamp.png" alt="The DocBook Stamp" style="width:500px;height:300px;"/></span></span></span></span></div></div></div><p>The stamp image: contentwidth=500; contentdepth=300; align=left valign=top</p><div class="mediaobject" summary="The DocBook Stamp"><div class="imageobject"><div class="media"><span class="viewport-table" style="background-color:blue;"><span class="viewport-row"><span class="viewport-cell" style="text-align:left;vertical-align:top;"><span class="viewport"><img src="media/stamp.png" alt="The DocBook Stamp" style="width:500px;height:300px;"/></span></span></span></span></div></div></div></article></main><nav class="bottom"></nav></body></html>