<!DOCTYPE html><html xmlns="http://www.w3.org/1999/xhtml" class="no-js"><head><meta http-equiv="Content-Type" content="text/html; charset=utf-8"/><script>(function(H){H.className=H.className.replace(/\bno-js\b/,'js')})(document.documentElement)</script><title>Article wrapper</title><meta name="viewport" content="width=device-width, initial-scale=1.0"/><link href="https://purl.org/dc/elements/1.1/" rel="schema.dc"/><meta content="2011-04-22T17:02:00-06:00" name="dc.modified"/><meta content="DocBook xslTNG" name="generator"/><link href="./css/docbook.css" rel="stylesheet" media="screen"/></head><body class="home"><nav class="top"></nav><main><article class="article component"><header><h1>Article wrapper</h1></header><p>The stamp image has a natural size of 200x128 pixels.</p><div class="mediaobject"><div class="media image"><picture class="imageobject"><img src="media/stamp.png"/></picture></div></div><p>The stamp image: contentwidth=50%</p><div class="mediaobject" summary="The DocBook Stamp"><div class="media image"><picture class="imageobject"><img src="media/stamp.png" alt="The DocBook Stamp" style="width:100px;"/></picture></div></div></article></main><nav class="bottom"></nav></body></html>