<!DOCTYPE html><html xmlns="http://www.w3.org/1999/xhtml" class="no-js"><head><meta http-equiv="Content-Type" content="text/html; charset=utf-8"/><script>(function(H){H.className=H.className.replace(/\bno-js\b/,'js')})(document.documentElement)</script><title>Article wrapper</title><meta name="viewport" content="width=device-width, initial-scale=1.0"/><link href="https://purl.org/dc/elements/1.1/" rel="schema.dc"/><meta content="2011-04-22T17:02:00-06:00" name="dc.modified"/><meta content="DocBook xslTNG" name="generator"/><link href="./css/docbook.css" rel="stylesheet" media="screen"/></head><body class="home"><nav class="top"></nav><main><article class="article component"><header><h1>Article wrapper</h1></header><p>There are several classes of “<code class="tag tag-element">systemitem</code>”:</p><div class="simplelist simplelistvert"><div class="row"><span>
         <code class="systemitem">systemitem</code>
      </span></div><div class="row"><span>
         <code id="daemon" class="daemon systemitem">daemon systemitem</code>
      </span></div><div class="row"><span>
         <code id="domainname" class="domainname systemitem">domainname systemitem</code>
      </span></div><div class="row"><span>
         <code id="etheraddress" class="etheraddress systemitem">etheraddress systemitem</code>
      </span></div><div class="row"><span>
         <code id="event" class="event systemitem">event systemitem</code>
      </span></div><div class="row"><span>
         <code id="eventhandler" class="eventhandler systemitem">eventhandler systemitem</code>
      </span></div><div class="row"><span>
         <code id="filesystem" class="filesystem systemitem">filesystem systemitem</code>
      </span></div><div class="row"><span>
         <code id="fqdomainname" class="fqdomainname systemitem">fqdomainname systemitem</code>
      </span></div><div class="row"><span>
         <code id="groupname" class="groupname systemitem">groupname systemitem</code>
      </span></div><div class="row"><span>
         <code id="ipaddress" class="ipaddress systemitem">ipaddress systemitem</code>
      </span></div><div class="row"><span>
         <code id="library" class="library systemitem">library systemitem</code>
      </span></div><div class="row"><span>
         <code id="macro" class="macro systemitem">macro systemitem</code>
      </span></div><div class="row"><span>
         <code id="netmask" class="netmask systemitem">netmask systemitem</code>
      </span></div><div class="row"><span>
         <code id="newsgroup" class="newsgroup systemitem">newsgroup systemitem</code>
      </span></div><div class="row"><span>
         <code id="osname" class="osname systemitem">osname systemitem</code>
      </span></div><div class="row"><span>
         <code id="process" class="process systemitem">process systemitem</code>
      </span></div><div class="row"><span>
         <code id="protocol" class="protocol systemitem">protocol systemitem</code>
      </span></div><div class="row"><span>
         <code id="resource" class="resource systemitem">resource systemitem</code>
      </span></div><div class="row"><span>
         <code id="server" class="server systemitem">server systemitem</code>
      </span></div><div class="row"><span>
         <code id="service" class="service systemitem">service systemitem</code>
      </span></div><div class="row"><span>
         <code id="systemname" class="systemitem systemname">systemname systemitem</code>
      </span></div><div class="row"><span>
         <code id="username" class="systemitem username">username systemitem</code>
      </span></div></div></article></main><nav class="bottom"></nav></body></html>