<!DOCTYPE html><html xmlns="http://www.w3.org/1999/xhtml" class="no-js"><head><meta http-equiv="Content-Type" content="text/html; charset=utf-8"/><title></title><meta name="viewport" content="width=device-width, initial-scale=1.0"/><link href="https://purl.org/dc/elements/1.1/" rel="schema.dc"/><meta content="2011-04-22T17:02:00-06:00" name="dc.modified"/><meta content="DocBook xslTNG" name="generator"/><link href="./css/docbook.css" rel="stylesheet"/><link href="./css/docbook-screen.css" rel="stylesheet"/></head><body class="home"><nav class="top"></nav><main><figure id="d1e2124" class="informaltable"><table><tbody><tr><td>a foo</td><td class="colsep">a bar</td><td>a baz</td></tr><tr><td class="rowsep">b foo</td><td class="colsep empty rowsep"></td><td class="rowsep">b baz</td></tr><tr><td>c foo</td><td class="colsep">c foo</td><td>c baz</td></tr></tbody></table></figure></main><nav class="bottom"></nav></body></html>