<!DOCTYPE html><html xmlns="http://www.w3.org/1999/xhtml" class="no-js"><head><meta http-equiv="Content-Type" content="text/html; charset=utf-8"/><script>(function(H){H.className=H.className.replace(/\bno-js\b/,'js')})(document.documentElement)</script><title></title><meta name="viewport" content="width=device-width, initial-scale=1.0"/><link href="https://purl.org/dc/elements/1.1/" rel="schema.dc"/><meta content="2011-04-22T17:02:00-06:00" name="dc.modified"/><meta content="DocBook xslTNG" name="generator"/><link href="./css/docbook.css" rel="stylesheet" media="screen"/></head><body class="home"><nav class="top"></nav><main><div id="d1e1044" class="informalobject informaltable"><table><tbody><tr><td class="bleft btop center" rowspan="2">A</td><td class="btop empty"></td><td class="btop empty"></td><td class="btop center colsep">F</td></tr><tr><td class="center colsep rowsep" colspan="3" rowspan="2">B</td></tr><tr><td class="bleft center rowsep">C</td></tr></tbody></table></div></main><nav class="bottom"></nav></body></html>