<!DOCTYPE html><html xmlns="http://www.w3.org/1999/xhtml" class="no-js"><head><meta http-equiv="Content-Type" content="text/html; charset=utf-8"/><script>(function(H){H.className=H.className.replace(/\bno-js\b/,'js')})(document.documentElement)</script><title></title><meta name="viewport" content="width=device-width, initial-scale=1.0"/><link href="https://purl.org/dc/elements/1.1/" rel="schema.dc"/><meta content="2011-04-22T17:02:00-06:00" name="dc.modified"/><meta content="DocBook xslTNG" name="generator"/><link href="./css/docbook.css" rel="stylesheet" media="screen"/></head><body class="home"><nav class="top"></nav><main><div class="informalobject informaltable" id="d1e1307"><table border="1" class="informalobject informaltable"><tbody><tr><td>a1</td><td colspan="2" rowspan="2">b1-c2</td><td>d1</td></tr><tr><td rowspan="3">a2-a4</td><td>d2</td></tr><tr><td>b3</td><td>c3</td><td>d3</td></tr><tr><td>b4</td><td colspan="2">c4-d4</td></tr><tr><td>a5</td><td>b5</td><td>Â </td><td>d5</td></tr></tbody></table></div></main><nav class="bottom"></nav></body></html>