<!DOCTYPE html><html xmlns="http://www.w3.org/1999/xhtml" class="no-js"><head><meta http-equiv="Content-Type" content="text/html; charset=utf-8"/><script>(function(H){H.className=H.className.replace(/\bno-js\b/,'js')})(document.documentElement)</script><title>Article wrapper</title><meta name="viewport" content="width=device-width, initial-scale=1.0"/><link href="https://purl.org/dc/elements/1.1/" rel="schema.dc"/><meta content="2011-04-22T17:02:00-06:00" name="dc.modified"/><meta content="DocBook xslTNG" name="generator"/><link href="./css/docbook.css" rel="stylesheet" media="screen"/></head><body class="home"><nav class="top"></nav><main><article class="article component"><header><h1>Article wrapper</h1></header><span class="task">
  
  <div class="tasksummary">
    <p>This task doesn’t accomplish anything.</p>
  </div>
  <div class="taskprerequisites">
    <p>Do something else first.</p>
  </div>
  <div id="R_task1_proc1" class="informalobject procedure"><ol class="procedure" type="1"><li class="step"><p>Do This</p></li><li class="step"><p>Do That</p></li><li class="step"><p>Do one of these things:</p><div class="stepalternatives"><ul class="procedure stepalternatives">
        <li class="step"><p>Do A</p></li>
        <li class="step"><p>Do B</p></li>
        <li class="step"><p>Do C</p></li>
      </ul></div></li><li class="step"><p>Do the other thing</p></li></ol></div>
  <div class="taskrelated">
    <p>See some more interesting task after you’ve done this one.</p>
  </div>
</span><span class="task">
  
  <div class="tasksummary">
    <p>This task doesn’t accomplish anything.</p>
  </div>
  <div class="taskprerequisites">
    <p>Do something else first.</p>
  </div>
  <div id="R_task2_proc1" class="informalobject procedure"><ol class="procedure" type="1"><li class="step"><p>Do This</p></li><li class="step"><p>Do That</p></li><li class="step"><p>Do one of these things:</p><div class="stepalternatives"><ul class="procedure stepalternatives">
        <li class="step"><p>Do A</p></li>
        <li class="step"><p>Do B</p></li>
        <li class="step"><p>Do C</p></li>
      </ul></div></li><li class="step"><p>Do the other thing</p></li></ol></div>
  <div class="taskrelated">
    <p>See some more interesting task after you’ve done this one.</p>
  </div>
</span><span class="task">
  
  <div class="tasksummary">
    <p>This task doesn’t accomplish anything.</p>
  </div>
  <div class="taskprerequisites"><header><div class="title">Prerequisites</div></header>
    
    <p>Do something else first.</p>
  </div>
  <div id="R_task3_proc1" class="formalobject procedure"><header><div class="title">Procedure <span class="label">1</span><span class="sep">. </span>Procedure</div></header><ol class="procedure" type="1"><li class="step"><p>Do This</p></li><li class="step"><p>Do That</p></li><li class="step"><p>Do one of these things:</p><div class="stepalternatives"><ul class="procedure stepalternatives">
        <li class="step"><p>Do A</p></li>
        <li class="step"><p>Do B</p></li>
        <li class="step"><p>Do C</p></li>
      </ul></div></li><li class="step"><p>Do the other thing</p></li></ol></div>
  <div class="taskrelated"><header><div class="title">Related</div></header>
    
    <p>See some more interesting task after you’ve done this one.</p>
  </div>
</span></article></main><nav class="bottom"></nav></body></html>