<!DOCTYPE html><html xmlns="http://www.w3.org/1999/xhtml" class="no-js"><head><meta http-equiv="Content-Type" content="text/html; charset=utf-8"/><script>(function(H){H.className=H.className.replace(/\bno-js\b/,'js')})(document.documentElement)</script><title>Unit test: para.002</title><meta name="viewport" content="width=device-width, initial-scale=1.0"/><link href="https://purl.org/dc/elements/1.1/" rel="schema.dc"/><meta content="2011-04-22T17:02:00-06:00" name="dc.modified"/><meta content="DocBook xslTNG" name="generator"/><link href="./css/docbook.css" rel="stylesheet" media="screen"/></head><body class="home"><nav class="top"></nav><main><article class="article component"><header><h1>Unit test: para.002</h1></header><p>Ordinary paragraph.</p><p>This paragraph contains a table:
</p><div id="R_para2_informaltable1" class="informalobject informaltable"><table><tbody><tr><td>a1</td><td>a2</td><td>a3</td></tr><tr><td>b1</td><td>b2</td><td>b3</td></tr><tr><td>c1</td><td>c2</td><td>c3</td></tr></tbody></table></div><p>
and a figure:
</p><div id="R_para2_fig1" class="figure formalobject"><p>This is a paragraph in a figure.</p><header><div class="title">Figure <span class="label">1</span><span class="sep">. </span>Figure this!</div></header></div><p>
And a block quote for good measure:
</p><blockquote class="blockquote"><p>Hello, sailor.</p></blockquote><blockquote class="blockquote"><p>Hello, sailor.</p></blockquote><p>Ordinary paragraph.</p></article></main><nav class="bottom"></nav></body></html>