<!DOCTYPE html><html xmlns="http://www.w3.org/1999/xhtml" class="no-js"><head><meta http-equiv="Content-Type" content="text/html; charset=utf-8"/><title>Unit Test: xinclude.011</title><meta name="viewport" content="width=device-width, initial-scale=1.0"/><link href="https://purl.org/dc/elements/1.1/" rel="schema.dc"/><meta content="2011-04-22T17:02:00-06:00" name="dc.modified"/><meta content="DocBook xslTNG" name="generator"/><link href="./css/docbook.css" rel="stylesheet"/><link href="./css/docbook-screen.css" rel="stylesheet"/></head><body class="home"><nav class="top"></nav><main><article id="article" class="article"><header><h1>Unit Test: xinclude.011</h1></header><p id="p">This is an article tests the XInclude extension. Itâ€™s unlikely
to pass if that extension is not available.</p><p>This is fallback.</p></article></main><nav class="bottom"></nav></body></html>