<!DOCTYPE html><html xmlns="http://www.w3.org/1999/xhtml" class="no-js"><head><meta http-equiv="Content-Type" content="text/html; charset=utf-8"/><script>(function(H){H.className=H.className.replace(/\bno-js\b/,'js')})(document.documentElement)</script><title>Extended XLink</title><meta name="viewport" content="width=device-width, initial-scale=1.0"/><link href="https://purl.org/dc/elements/1.1/" rel="schema.dc"/><meta content="2011-04-22T17:02:00-06:00" name="dc.modified"/><meta content="DocBook xslTNG" name="generator"/><link href="./css/docbook.css" rel="stylesheet" media="screen"/></head><body class="home"><nav class="top"></nav><main><article class="article component"><header><h1>Extended XLink</h1></header><p>What about
<i class="citetitle"><span class="xlink"><span class="source">DocBook</span><span class="xlink-arc-list" db-arcs="R_para1_phrase1_citetitle1-arcs"></span><span class="nhrefs" id="R_para1_phrase1_citetitle1-arcs"><span class="xlink-arc-delim before"> [</span><span class="xlink-arc-title"></span><span class="arc"><a href="http://docbook.org/">DocBook.org</a></span><span class="xlink-arc-delim sep">, </span><span class="arc"><a href="http://en.wikipedia.org/wiki/DocBook">DocBook on Wikipedia</a></span><span class="xlink-arc-delim after">] </span></span></span></i>
and
<i id="xquery" class="citetitle"><span class="xlink"><span class="source">XQuery</span><span class="xlink-arc-list" db-arcs="xquery-arcs"></span><span class="nhrefs" id="xquery-arcs"><span class="xlink-arc-delim before"> [</span><span class="xlink-arc-title"></span><span class="arc"><a href="http://www.w3.org/TR/XQuery">XQuery specification</a></span><span class="xlink-arc-delim sep">, </span><span class="arc"><a href="http://www.w3.org/XML/Query/">XQuery WG</a></span><span class="xlink-arc-delim sep">, </span><span class="arc"><a href="http://en.wikipedia.org/wiki/XQuery">XQuery on Wikipedia</a></span><span class="xlink-arc-delim after">] </span></span></span></i>?
</p><p>And would <span class="orgname"><span class="xlink"><span class="source">MarkLogic</span><span class="xlink-arc-list" db-arcs="R_para2_orgname1-arcs"></span><span class="nhrefs" id="R_para2_orgname1-arcs"><span class="xlink-arc-delim before"> [</span><span class="xlink-arc-title"></span><span class="arc"><a href="http://www.marklogic.com/">MarkLogic</a></span><span class="xlink-arc-delim sep">, </span><span class="arc"><a href="http://en.wikipedia.org/wiki/MarkLogic">MarkLogic at Wikipedia</a></span><span class="xlink-arc-delim after">] </span></span></span></span> work?</p><p>And would <span class="orgname"><span class="xlink"><span class="source">MLS</span><span class="xlink-arc-list" db-arcs="R_para3_orgname1-arcs"></span><span class="nhrefs" id="R_para3_orgname1-arcs"><span class="xlink-arc-delim before"> [</span><span class="xlink-arc-title"></span><span class="arc"><a href="http://www.marklogic.com/">MarkLogic</a></span><span class="xlink-arc-delim sep">, </span><span class="arc"><a href="http://en.wikipedia.org/wiki/MarkLogic">MarkLogic at Wikipedia</a></span><span class="xlink-arc-delim after">] </span></span></span></span> work?</p><p>This orgname, <span class="orgname">nwalsh.com</span>, doesn’t have a link.</p><p>But <span class="orgname"><span class="xlink"><span class="source">MarkLogic</span><span class="xlink-arc-list" db-arcs="R_para5_orgname1-arcs"></span><span class="nhrefs" id="R_para5_orgname1-arcs"><span class="xlink-arc-delim before"> [</span><span class="xlink-arc-title"></span><span class="arc"><a href="http://www.marklogic.com/">MarkLogic</a></span><span class="xlink-arc-delim sep">, </span><span class="arc"><a href="http://en.wikipedia.org/wiki/MarkLogic">MarkLogic at Wikipedia</a></span><span class="xlink-arc-delim after">] </span></span></span></span> works even if it’s repeated.</p></article></main><nav class="bottom"></nav></body></html>