<!DOCTYPE html><html xmlns="http://www.w3.org/1999/xhtml" class="no-js"><head><meta http-equiv="Content-Type" content="text/html; charset=utf-8"/><script>(function(H){H.className=H.className.replace(/\bno-js\b/,'js')})(document.documentElement)</script><title>Unit test: xlink.003</title><meta name="viewport" content="width=device-width, initial-scale=1.0"/><link href="https://purl.org/dc/elements/1.1/" rel="schema.dc"/><meta content="2011-04-22T17:02:00-06:00" name="dc.modified"/><meta content="DocBook xslTNG" name="generator"/><link href="./css/docbook.css" rel="stylesheet" media="screen"/></head><body class="home"><nav class="top"></nav><main><article class="article component"><header><h1>Unit test: xlink.003</h1></header><p>Testing several flavors of XLink with xlink-style=none.</p><p>What about
<i class="citetitle">DocBook</i>
and
<i id="xquery" class="citetitle">XQuery</i>?
</p><p>And would <span class="orgname">MarkLogic</span> work?</p><p>And would <span class="orgname">MLS</span> work?</p><p>And would <span class="orgname"><a href="http://nwalsh.com/" title="nwalsh.com">nwalsh.com</a></span> work?</p><p>Inline extended link on target: link from <span id="here" class="phrase"><a href="#heretarget">here</a></span>
to
<span id="heretarget" class="phrase">there</span>.</p><p>Inline extended link on source: link from
<span class="phrase"><a href="#here2target">here</a></span>
to
<span id="here2target" class="phrase">there</span>.
</p></article></main><nav class="bottom"></nav></body></html>